Component: ARM Compiler 5.06 update 7 (build 960) Tool: armlink [4d3601]

==============================================================================

Section Cross References

    startup_stm32f429xx.o(RESET) refers to startup_stm32f429xx.o(STACK) for __initial_sp
    startup_stm32f429xx.o(RESET) refers to startup_stm32f429xx.o(.text) for Reset_Handler
    startup_stm32f429xx.o(RESET) refers to stm32f4xx_it.o(i.NMI_Handler) for NMI_Handler
    startup_stm32f429xx.o(RESET) refers to stm32f4xx_it.o(i.HardFault_Handler) for HardFault_Handler
    startup_stm32f429xx.o(RESET) refers to stm32f4xx_it.o(i.MemManage_Handler) for MemManage_Handler
    startup_stm32f429xx.o(RESET) refers to stm32f4xx_it.o(i.BusFault_Handler) for BusFault_Handler
    startup_stm32f429xx.o(RESET) refers to stm32f4xx_it.o(i.UsageFault_Handler) for UsageFault_Handler
    startup_stm32f429xx.o(RESET) refers to stm32f4xx_it.o(i.SVC_Handler) for SVC_Handler
    startup_stm32f429xx.o(RESET) refers to stm32f4xx_it.o(i.DebugMon_Handler) for DebugMon_Handler
    startup_stm32f429xx.o(RESET) refers to stm32f4xx_it.o(i.PendSV_Handler) for PendSV_Handler
    startup_stm32f429xx.o(RESET) refers to stm32f4xx_it.o(i.SysTick_Handler) for SysTick_Handler
    startup_stm32f429xx.o(RESET) refers to stm32f4xx_it.o(i.DMA1_Stream5_IRQHandler) for DMA1_Stream5_IRQHandler
    startup_stm32f429xx.o(RESET) refers to stm32f4xx_it.o(i.ADC_IRQHandler) for ADC_IRQHandler
    startup_stm32f429xx.o(RESET) refers to stm32f4xx_it.o(i.USART1_IRQHandler) for USART1_IRQHandler
    startup_stm32f429xx.o(RESET) refers to stm32f4xx_it.o(i.TIM8_UP_TIM13_IRQHandler) for TIM8_UP_TIM13_IRQHandler
    startup_stm32f429xx.o(RESET) refers to stm32f4xx_it.o(i.DMA2_Stream0_IRQHandler) for DMA2_Stream0_IRQHandler
    startup_stm32f429xx.o(RESET) refers to stm32f4xx_it.o(i.DMA2_Stream1_IRQHandler) for DMA2_Stream1_IRQHandler
    startup_stm32f429xx.o(RESET) refers to stm32f4xx_it.o(i.DMA2_Stream2_IRQHandler) for DMA2_Stream2_IRQHandler
    startup_stm32f429xx.o(RESET) refers to stm32f4xx_it.o(i.USART6_IRQHandler) for USART6_IRQHandler
    startup_stm32f429xx.o(.text) refers to system_stm32f4xx.o(i.SystemInit) for SystemInit
    startup_stm32f429xx.o(.text) refers to entry.o(.ARM.Collect$$$$00000000) for __main
    main.o(i.SystemClock_Config) refers to memseta.o(.text) for __aeabi_memclr4
    main.o(i.SystemClock_Config) refers to stm32f4xx_hal_rcc.o(i.HAL_RCC_OscConfig) for HAL_RCC_OscConfig
    main.o(i.SystemClock_Config) refers to stm32f4xx_hal_rcc.o(i.HAL_RCC_ClockConfig) for HAL_RCC_ClockConfig
    main.o(i.main) refers to stm32f4xx_hal.o(i.HAL_Init) for HAL_Init
    main.o(i.main) refers to main.o(i.SystemClock_Config) for SystemClock_Config
    main.o(i.main) refers to gpio.o(i.MX_GPIO_Init) for MX_GPIO_Init
    main.o(i.main) refers to dma.o(i.MX_DMA_Init) for MX_DMA_Init
    main.o(i.main) refers to usart.o(i.MX_USART1_UART_Init) for MX_USART1_UART_Init
    main.o(i.main) refers to adc.o(i.MX_ADC1_Init) for MX_ADC1_Init
    main.o(i.main) refers to tim.o(i.MX_TIM3_Init) for MX_TIM3_Init
    main.o(i.main) refers to dac.o(i.MX_DAC_Init) for MX_DAC_Init
    main.o(i.main) refers to tim.o(i.MX_TIM6_Init) for MX_TIM6_Init
    main.o(i.main) refers to tim.o(i.MX_TIM13_Init) for MX_TIM13_Init
    main.o(i.main) refers to i2c.o(i.MX_I2C1_Init) for MX_I2C1_Init
    main.o(i.main) refers to spi.o(i.MX_SPI2_Init) for MX_SPI2_Init
    main.o(i.main) refers to sdio.o(i.MX_SDIO_SD_Init) for MX_SDIO_SD_Init
    main.o(i.main) refers to fatfs.o(i.MX_FATFS_Init) for MX_FATFS_Init
    main.o(i.main) refers to usart.o(i.MX_USART6_UART_Init) for MX_USART6_UART_Init
    main.o(i.main) refers to waveform_analyzer_app.o(i.My_FFT_Init) for My_FFT_Init
    main.o(i.main) refers to btn_app.o(i.app_ebtn_init) for app_ebtn_init
    main.o(i.main) refers to uart_app.o(i.uart_init) for uart_init
    main.o(i.main) refers to 4g_web.o(i.websocket_init) for websocket_init
    main.o(i.main) refers to dac_app.o(i.app_dac_init) for app_dac_init
    main.o(i.main) refers to adc_app.o(i.adc_init) for adc_init
    main.o(i.main) refers to oled.o(i.OLED_Init) for OLED_Init
    main.o(i.main) refers to flash_app.o(i.lfs_init) for lfs_init
    main.o(i.main) refers to flash_app.o(i.lfs_basic_test) for lfs_basic_test
    main.o(i.main) refers to shell_app.o(i.shell_init) for shell_init
    main.o(i.main) refers to sd_fatfs.o(i.test_sd_fatfs) for test_sd_fatfs
    main.o(i.main) refers to scheduler.o(i.scheduler_init) for scheduler_init
    main.o(i.main) refers to uart_app.o(i.my_printf) for my_printf
    main.o(i.main) refers to scheduler.o(i.scheduler_run) for scheduler_run
    main.o(i.main) refers to flash_app.o(.bss) for lfs
    main.o(i.main) refers to usart.o(.bss) for huart1
    gpio.o(i.MX_GPIO_Init) refers to memseta.o(.text) for __aeabi_memclr4
    gpio.o(i.MX_GPIO_Init) refers to stm32f4xx_hal_gpio.o(i.HAL_GPIO_WritePin) for HAL_GPIO_WritePin
[...]
    res_val_buffer                           0x20001f00   Data        4096  adc_app.o(.bss)
    adc_val_buffer                           0x20002f00   Data        8192  adc_app.o(.bss)
    wave_data                                0x20004f00   Data          56  adc_app.o(.bss)
    scfft                                    0x20006138   Data          20  waveform_analyzer_app.o(.bss)
    FFT_InputBuf                             0x2000614c   Data        8192  waveform_analyzer_app.o(.bss)
    FFT_OutputBuf                            0x2000814c   Data        4096  waveform_analyzer_app.o(.bss)
    lfs                                      0x2000914c   Data         120  flash_app.o(.bss)
    cfg                                      0x200091c4   Data          72  flash_app.o(.bss)
    websocket_rx_dma_buffer                  0x200095e4   Data         128  4g_web.o(.bss)
    websocket_dma_buffer                     0x20009664   Data         128  4g_web.o(.bss)
    websocket_ringbuffer                     0x200096e4   Data          12  4g_web.o(.bss)
    websocket_ringbuffer_pool                0x200096f0   Data         128  4g_web.o(.bss)
    SDFatFS                                  0x200099e4   Data         564  fatfs.o(.bss)
    SDFile                                   0x20009c18   Data         560  fatfs.o(.bss)
    disk                                     0x20009e68   Data          12  ff_gen_drv.o(.bss)
    __heap_base                              0x20009e78   Data           0  startup_stm32f429xx.o(HEAP)
    __heap_limit                             0x2000ae78   Data           0  startup_stm32f429xx.o(HEAP)
    __initial_sp                             0x2000ce78   Data           0  startup_stm32f429xx.o(STACK)



==============================================================================

Memory Map of the image

  Image Entry point : 0x080001ad

  Load Region LR_IROM1 (Base: 0x08000000, Size: 0x0004a25c, Max: 0x00080000, ABSOLUTE, COMPRESSED[0x00049cd0])

    Execution Region ER_IROM1 (Exec base: 0x08000000, Load base: 0x08000000, Size: 0x00049b5c, Max: 0x00080000, ABSOLUTE)

    Exec Addr    Load Addr    Size         Type   Attr      Idx    E Section Name        Object

    0x08000000   0x08000000   0x000001ac   Data   RO            3    RESET               startup_stm32f429xx.o
    0x080001ac   0x080001ac   0x00000000   Code   RO        14149  * .ARM.Collect$$$$00000000  mc_w.l(entry.o)
    0x080001ac   0x080001ac   0x00000004   Code   RO        14516    .ARM.Collect$$$$00000001  mc_w.l(entry2.o)
    0x080001b0   0x080001b0   0x00000004   Code   RO        14519    .ARM.Collect$$$$00000004  mc_w.l(entry5.o)
    0x080001b4   0x080001b4   0x00000000   Code   RO        14521    .ARM.Collect$$$$00000008  mc_w.l(entry7b.o)
    0x080001b4   0x080001b4   0x00000000   Code   RO        14523    .ARM.Collect$$$$0000000A  mc_w.l(entry8b.o)
    0x080001b4   0x080001b4   0x00000008   Code   RO        14524    .ARM.Collect$$$$0000000B  mc_w.l(entry9a.o)
    0x080001bc   0x080001bc   0x00000004   Code   RO        14531    .ARM.Collect$$$$0000000E  mc_w.l(entry12b.o)
    0x080001c0   0x080001c0   0x00000000   Code   RO        14526    .ARM.Collect$$$$0000000F  mc_w.l(entry10a.o)
    0x080001c0   0x080001c0   0x00000000   Code   RO        14528    .ARM.Collect$$$$00000011  mc_w.l(entry11a.o)
    0x080001c0   0x080001c0   0x00000004   Code   RO        14517    .ARM.Collect$$$$00002712  mc_w.l(entry2.o)
    0x080001c4   0x080001c4   0x00000024   Code   RO            4    .text               startup_stm32f429xx.o
    0x080001e8   0x080001e8   0x00000062   Code   RO        14152    .text               mc_w.l(uldiv.o)
    0x0800024a   0x0800024a   0x00000024   Code   RO        14156    .text               mc_w.l(memcpya.o)
    0x0800026e   0x0800026e   0x00000024   Code   RO        14158    .text               mc_w.l(memseta.o)
    0x08000292   0x08000292   0x00000018   Code   RO        14160    .text               mc_w.l(strcat.o)
    0x080002aa   0x080002aa   0x00000018   Code   RO        14162    .text               mc_w.l(strncpy.o)
    0x080002c2   0x080002c2   0x00000014   Code   RO        14164    .text               mc_w.l(strchr.o)
    0x080002d6   0x080002d6   0x0000000e   Code   RO        14166    .text               mc_w.l(strlen.o)
    0x080002e4   0x080002e4   0x0000001c   Code   RO        14168    .text               mc_w.l(strcmp.o)
    0x08000300   0x08000300   0x0000001a   Code   RO        14170    .text               mc_w.l(memcmp.o)
    0x0800031a   0x0800031a   0x00000028   Code   RO        14172    .text               mc_w.l(strncat.o)
    0x08000342   0x08000342   0x00000012   Code   RO        14174    .text               mc_w.l(strcpy.o)
    0x08000354   0x08000354   0x0000001e   Code   RO        14176    .text               mc_w.l(strncmp.o)
    0x08000372   0x08000372   0x00000002   PAD
    0x08000374   0x08000374   0x00000044   Code   RO        14178    .text               mc_w.l(strtok.o)
    0x080003b8   0x080003b8   0x00000016   Code   RO        14184    .text               mc_w.l(strrchr.o)
    0x080003ce   0x080003ce   0x0000001c   Code   RO        14186    .text               mc_w.l(strspn.o)
    0x080003ea   0x080003ea   0x00000022   Code   RO        14188    .text               mc_w.l(strcspn.o)
    0x0800040c   0x0800040c   0x000000b0   Code   RO        14483    .text               mf_w.l(fadd.o)
    0x080004bc   0x080004bc   0x00000064   Code   RO        14485    .text               mf_w.l(fmul.o)
    0x08000520   0x08000520   0x000000e4   Code   RO        14487    .text               mf_w.l(dmul.o)
    0x08000604   0x08000604   0x0000001c   Code   RO        14489    .text               mf_w.l(ffltul.o)
    0x08000620   0x08000620   0x00000026   Code   RO        14495    .text               mf_w.l(f2d.o)
    0x08000646   0x08000646   0x0000002c   Code   RO        14535    .text               mc_w.l(uidiv.o)
    0x08000672   0x08000672   0x0000001e   Code   RO        14537    .text               mc_w.l(llshl.o)
    0x08000690   0x08000690   0x00000020   Code   RO        14539    .text               mc_w.l(llushr.o)
    0x080006b0   0x080006b0   0x00000000   Code   RO        14552    .text               mc_w.l(iusefp.o)
    0x080006b0   0x080006b0   0x0000006e   Code   RO        14553    .text               mf_w.l(fepilogue.o)
    0x0800071e   0x0800071e   0x000000ba   Code   RO        14555    .text               mf_w.l(depilogue.o)
    0x080007d8   0x080007d8   0x0000014e   Code   RO        14557    .text               mf_w.l(dadd.o)
    0x08000926   0x08000926   0x000000de   Code   RO        14559    .text               mf_w.l(ddiv.o)
    0x08000a04   0x08000a04   0x00000030   Code   RO        14561    .text               mf_w.l(dfixul.o)
    0x08000a34   0x08000a34   0x00000030   Code   RO        14563    .text               mf_w.l(cdrcmple.o)
    0x08000a64   0x08000a64   0x00000024   Code   RO        14567    .text               mc_w.l(init.o)
    0x08000a88   0x08000a88   0x00000000   Code   RO        14569    .text               mc_w.l(semi.o)
    0x08000a88   0x08000a88   0x00000024   Code   RO        14570    .text               mc_w.l(llsshr.o)
    0x08000aac   0x08000aac   0x00000000   Code   RO        14602    .text               mc_w.l(iusesemip.o)
    0x08000aac   0x08000aac   0x00000056   Code   RO        14613    .text               mc_w.l(__dczerorl2.o)
    0x08000b02   0x08000b02   0x00000002   PAD
    0x08000b04   0x08000b04   0x000000ae   Code   RO        13990    .text.arm_bitreversal_f32  arm_cortexM4l_math.lib(arm_bitreversal.o)
    0x08000bb2   0x08000bb2   0x00000042   Code   RO        13965    .text.arm_cfft_radix4_f32  arm_cortexM4l_math.lib(arm_cfft_radix4_f32.o)
    0x08000bf4   0x08000bf4   0x0000007c   Code   RO        13980    .text.arm_cfft_radix4_init_f32  arm_cortexM4l_math.lib(arm_cfft_radix4_init_f32.o)
    0x08000c70   0x08000c70   0x000000e8   Code   RO        13955    .text.arm_cmplx_mag_f32  arm_cortexM4l_math.lib(arm_cmplx_mag_f32.o)
    0x08000d58   0x08000d58   0x00000568   Code   RO        13969    .text.arm_radix4_butterfly_f32  arm_cortexM4l_math.lib(arm_cfft_radix4_f32.o)
    0x080012c0   0x080012c0   0x0000059a   Code   RO        13967    .text.arm_radix4_butterfly_inverse_f32  arm_cortexM4l_math.lib(arm_cfft_radix4_f32.o)
    0x0800185a   0x0800185a   0x0000006e   Code   RO         8807    i.ADC_DMAConvCplt   stm32f4xx_hal_adc.o
    0x080018c8   0x080018c8   0x00000016   Code   RO         8808    i.ADC_DMAError      stm32f4xx_hal_adc.o
    0x080018de   0x080018de   0x0000000a   Code   RO         8809    i.ADC_DMAHalfConvCplt  stm32f4xx_hal_adc.o
    0x080018e8   0x080018e8   0x0000000c   Code   RO          745    i.ADC_IRQHandler    stm32f4xx_it.o
    0x080018f4   0x080018f4   0x00000128   Code   RO         8810    i.ADC_Init          stm32f4xx_hal_adc.o
    0x08001a1c   0x08001a1c   0x000001e8   Code   RO         1354    i.Analyze_Frequency_And_Type  waveform_analyzer_app.o
    0x08001c04   0x08001c04   0x000002a8   Code   RO         1355    i.Analyze_Harmonics  waveform_analyzer_app.o
    0x08001eac   0x08001eac   0x0000000c   Code   RO        13214    i.BSP_SD_GetCardInfo  bsp_driver_sd.o
    0x08001eb8   0x08001eb8   0x00000018   Code   RO        13215    i.BSP_SD_GetCardState  bsp_driver_sd.o
    0x08001ed0   0x08001ed0   0x00000030   Code   RO        13217    i.BSP_SD_Init       bsp_driver_sd.o
    0x08001f00   0x08001f00   0x0000000e   Code   RO        13218    i.BSP_SD_IsDetected  bsp_driver_sd.o
    0x08001f0e   0x08001f0e   0x00000002   PAD
    0x08001f10   0x08001f10   0x00000020   Code   RO        13219    i.BSP_SD_ReadBlocks  bsp_driver_sd.o
    0x08001f30   0x08001f30   0x00000020   Code   RO        13222    i.BSP_SD_WriteBlocks  bsp_driver_sd.o
    0x08001f50   0x08001f50   0x00000002   Code   RO          746    i.BusFault_Handler  stm32f4xx_it.o
    0x08001f52   0x08001f52   0x00000002   PAD
    0x08001f54   0x08001f54   0x00000038   Code   RO         1356    i.Calculate_Phase_Difference  waveform_analyzer_app.o
    0x08001f8c   0x08001f8c   0x00000010   Code   RO        10317    i.DAC_DMAConvCpltCh1  stm32f4xx_hal_dac.o
    0x08001f9c   0x08001f9c   0x00000010   Code   RO        10461    i.DAC_DMAConvCpltCh2  stm32f4xx_hal_dac_ex.o
    0x08001fac   0x08001fac   0x00000018   Code   RO        10318    i.DAC_DMAErrorCh1   stm32f4xx_hal_dac.o
    0x08001fc4   0x08001fc4   0x00000018   Code   RO        10462    i.DAC_DMAErrorCh2   stm32f4xx_hal_dac_ex.o
    0x08001fdc   0x08001fdc   0x0000000a   Code   RO        10319    i.DAC_DMAHalfConvCpltCh1  stm32f4xx_hal_dac.o
    0x08001fe6   0x08001fe6   0x0000000a   Code   RO        10463    i.DAC_DMAHalfConvCpltCh2  stm32f4xx_hal_dac_ex.o
    0x08001ff0   0x08001ff0   0x0000000c   Code   RO          747    i.DMA1_Stream5_IRQHandler  stm32f4xx_it.o
    0x08001ffc   0x08001ffc   0x0000000c   Code   RO          748    i.DMA2_Stream0_IRQHandler  stm32f4xx_it.o
    0x08002008   0x08002008   0x0000000c   Code   RO          749    i.DMA2_Stream1_IRQHandler  stm32f4xx_it.o
    0x08002014   0x08002014   0x0000000c   Code   RO          750    i.DMA2_Stream2_IRQHandler  stm32f4xx_it.o
    0x08002020   0x08002020   0x00000028   Code   RO         9596    i.DMA_CalcBaseAndBitshift  stm32f4xx_hal_dma.o
    0x08002048   0x08002048   0x00000054   Code   RO         9597    i.DMA_CheckFifoParam  stm32f4xx_hal_dma.o
    0x0800209c   0x0800209c   0x00000028   Code   RO         9598    i.DMA_SetConfig     stm32f4xx_hal_dma.o
    0x080020c4   0x080020c4   0x00000002   Code   RO          751    i.DebugMon_Handler  stm32f4xx_it.o
    0x080020c6   0x080020c6   0x00000004   Code   RO           13    i.Error_Handler     main.o
    0x080020ca   0x080020ca   0x00000006   Code   RO        13839    i.FATFS_LinkDriver  ff_gen_drv.o
    0x080020d0   0x080020d0   0x00000040   Code   RO        13840    i.FATFS_LinkDriverEx  ff_gen_drv.o
    0x08002110   0x08002110   0x00000078   Code   RO         1357    i.GetWaveformTypeString  waveform_analyzer_app.o
    0x08002188   0x08002188   0x00000010   Code   RO         1358    i.Get_Component_Phase  waveform_analyzer_app.o
    0x08002198   0x08002198   0x0000005a   Code   RO         1361    i.Get_Waveform_Info  waveform_analyzer_app.o
    0x080021f2   0x080021f2   0x00000002   PAD
    0x080021f4   0x080021f4   0x000000cc   Code   RO         1362    i.Get_Waveform_Phase  waveform_analyzer_app.o
    0x080022c0   0x080022c0   0x00000098   Code   RO         1365    i.Get_Waveform_Vpp  waveform_analyzer_app.o
    0x08002358   0x08002358   0x00000002   Code   RO         8981    i.HAL_ADCEx_InjectedConvCpltCallback  stm32f4xx_hal_adc_ex.o
    0x0800235a   0x0800235a   0x00000002   PAD
    0x0800235c   0x0800235c   0x00000164   Code   RO         8812    i.HAL_ADC_ConfigChannel  stm32f4xx_hal_adc.o
    0x080024c0   0x080024c0   0x0000001c   Code   RO         1178    i.HAL_ADC_ConvCpltCallback  adc_app.o
    0x080024dc   0x080024dc   0x00000002   Code   RO         8814    i.HAL_ADC_ConvHalfCpltCallback  stm32f4xx_hal_adc.o
    0x080024de   0x080024de   0x00000002   Code   RO         8816    i.HAL_ADC_ErrorCallback  stm32f4xx_hal_adc.o
    0x080024e0   0x080024e0   0x0000012e   Code   RO         8820    i.HAL_ADC_IRQHandler  stm32f4xx_hal_adc.o
    0x0800260e   0x0800260e   0x00000054   Code   RO         8821    i.HAL_ADC_Init      stm32f4xx_hal_adc.o
    0x08002662   0x08002662   0x00000002   Code   RO         8822    i.HAL_ADC_LevelOutOfWindowCallback  stm32f4xx_hal_adc.o
    0x08002664   0x08002664   0x000000c8   Code   RO          410    i.HAL_ADC_MspInit   adc.o
    0x0800272c   0x0800272c   0x00000158   Code   RO         8828    i.HAL_ADC_Start_DMA  stm32f4xx_hal_adc.o
    0x08002884   0x08002884   0x0000006c   Code   RO         8831    i.HAL_ADC_Stop_DMA  stm32f4xx_hal_adc.o
    0x080028f0   0x080028f0   0x00000002   Code   RO        10464    i.HAL_DACEx_ConvCpltCallbackCh2  stm32f4xx_hal_dac_ex.o
    0x080028f2   0x080028f2   0x00000002   Code   RO        10465    i.HAL_DACEx_ConvHalfCpltCallbackCh2  stm32f4xx_hal_dac_ex.o
    0x080028f4   0x080028f4   0x00000002   Code   RO        10471    i.HAL_DACEx_ErrorCallbackCh2  stm32f4xx_hal_dac_ex.o
    0x080028f6   0x080028f6   0x0000004e   Code   RO        10320    i.HAL_DAC_ConfigChannel  stm32f4xx_hal_dac.o
    0x08002944   0x08002944   0x00000002   Code   RO        10321    i.HAL_DAC_ConvCpltCallbackCh1  stm32f4xx_hal_dac.o
    0x08002946   0x08002946   0x00000002   Code   RO        10322    i.HAL_DAC_ConvHalfCpltCallbackCh1  stm32f4xx_hal_dac.o
    0x08002948   0x08002948   0x00000002   Code   RO        10325    i.HAL_DAC_ErrorCallbackCh1  stm32f4xx_hal_dac.o
    0x0800294a   0x0800294a   0x00000028   Code   RO        10330    i.HAL_DAC_Init      stm32f4xx_hal_dac.o
    0x08002972   0x08002972   0x00000002   PAD
    0x08002974   0x08002974   0x000000a0   Code   RO          452    i.HAL_DAC_MspInit   dac.o
    0x08002a14   0x08002a14   0x000000e0   Code   RO        10335    i.HAL_DAC_Start_DMA  stm32f4xx_hal_dac.o
    0x08002af4   0x08002af4   0x00000052   Code   RO        10337    i.HAL_DAC_Stop_DMA  stm32f4xx_hal_dac.o
    0x08002b46   0x08002b46   0x00000092   Code   RO         9599    i.HAL_DMA_Abort     stm32f4xx_hal_dma.o
    0x08002bd8   0x08002bd8   0x00000024   Code   RO         9600    i.HAL_DMA_Abort_IT  stm32f4xx_hal_dma.o
    0x08002bfc   0x08002bfc   0x000001a0   Code   RO         9604    i.HAL_DMA_IRQHandler  stm32f4xx_hal_dma.o
    0x08002d9c   0x08002d9c   0x000000d4   Code   RO         9605    i.HAL_DMA_Init      stm32f4xx_hal_dma.o
    0x08002e70   0x08002e70   0x0000006e   Code   RO         9609    i.HAL_DMA_Start_IT  stm32f4xx_hal_dma.o
    0x08002ede   0x08002ede   0x00000002   PAD
    0x08002ee0   0x08002ee0   0x00000024   Code   RO        10054    i.HAL_Delay         stm32f4xx_hal.o
    0x08002f04   0x08002f04   0x00000234   Code   RO         9492    i.HAL_GPIO_Init     stm32f4xx_hal_gpio.o
    0x08003138   0x08003138   0x0000000a   Code   RO         9494    i.HAL_GPIO_ReadPin  stm32f4xx_hal_gpio.o
    0x08003142   0x08003142   0x0000000a   Code   RO         9496    i.HAL_GPIO_WritePin  stm32f4xx_hal_gpio.o
    0x0800314c   0x0800314c   0x0000000c   Code   RO        10062    i.HAL_GetTick       stm32f4xx_hal.o
    0x08003158   0x08003158   0x00000042   Code   RO        10994    i.HAL_I2CEx_ConfigAnalogFilter  stm32f4xx_hal_i2c_ex.o
    0x0800319a   0x0800319a   0x0000003e   Code   RO        10995    i.HAL_I2CEx_ConfigDigitalFilter  stm32f4xx_hal_i2c_ex.o
    0x080031d8   0x080031d8   0x00000188   Code   RO        10568    i.HAL_I2C_Init      stm32f4xx_hal_i2c.o
    0x08003360   0x08003360   0x00000130   Code   RO        10589    i.HAL_I2C_Mem_Write  stm32f4xx_hal_i2c.o
    0x08003490   0x08003490   0x0000006c   Code   RO          518    i.HAL_I2C_MspInit   i2c.o
    0x080034fc   0x080034fc   0x00000010   Code   RO        10068    i.HAL_IncTick       stm32f4xx_hal.o
    0x0800350c   0x0800350c   0x00000034   Code   RO        10069    i.HAL_Init          stm32f4xx_hal.o
    0x08003540   0x08003540   0x00000040   Code   RO        10070    i.HAL_InitTick      stm32f4xx_hal.o
    0x08003580   0x08003580   0x00000034   Code   RO          868    i.HAL_MspInit       stm32f4xx_hal_msp.o
    0x080035b4   0x080035b4   0x0000001a   Code   RO         9902    i.HAL_NVIC_EnableIRQ  stm32f4xx_hal_cortex.o
    0x080035ce   0x080035ce   0x00000002   PAD
    0x080035d0   0x080035d0   0x00000040   Code   RO         9908    i.HAL_NVIC_SetPriority  stm32f4xx_hal_cortex.o
    0x08003610   0x08003610   0x00000024   Code   RO         9909    i.HAL_NVIC_SetPriorityGrouping  stm32f4xx_hal_cortex.o
    0x08003634   0x08003634   0x00000134   Code   RO         9086    i.HAL_RCC_ClockConfig  stm32f4xx_hal_rcc.o
    0x08003768   0x08003768   0x00000020   Code   RO         9093    i.HAL_RCC_GetPCLK1Freq  stm32f4xx_hal_rcc.o
    0x08003788   0x08003788   0x00000020   Code   RO         9094    i.HAL_RCC_GetPCLK2Freq  stm32f4xx_hal_rcc.o
    0x080037a8   0x080037a8   0x00000064   Code   RO         9095    i.HAL_RCC_GetSysClockFreq  stm32f4xx_hal_rcc.o
    0x0800380c   0x0800380c   0x0000036c   Code   RO         9098    i.HAL_RCC_OscConfig  stm32f4xx_hal_rcc.o
    0x08003b78   0x08003b78   0x00000118   Code   RO        11313    i.HAL_SD_ConfigWideBusOperation  stm32f4xx_hal_sd.o
    0x08003c90   0x08003c90   0x00000198   Code   RO        11318    i.HAL_SD_GetCardCSD  stm32f4xx_hal_sd.o
    0x08003e28   0x08003e28   0x00000024   Code   RO        11319    i.HAL_SD_GetCardInfo  stm32f4xx_hal_sd.o
    0x08003e4c   0x08003e4c   0x0000002c   Code   RO        11320    i.HAL_SD_GetCardState  stm32f4xx_hal_sd.o
    0x08003e78   0x08003e78   0x00000036   Code   RO        11325    i.HAL_SD_Init       stm32f4xx_hal_sd.o
    0x08003eae   0x08003eae   0x00000002   PAD
    0x08003eb0   0x08003eb0   0x00000078   Code   RO        11326    i.HAL_SD_InitCard   stm32f4xx_hal_sd.o
    0x08003f28   0x08003f28   0x00000094   Code   RO          560    i.HAL_SD_MspInit    sdio.o
    0x08003fbc   0x08003fbc   0x000001e0   Code   RO        11329    i.HAL_SD_ReadBlocks  stm32f4xx_hal_sd.o
    0x0800419c   0x0800419c   0x000001b0   Code   RO        11334    i.HAL_SD_WriteBlocks  stm32f4xx_hal_sd.o
    0x0800434c   0x0800434c   0x000000bc   Code   RO        11564    i.HAL_SPI_Init      stm32f4xx_hal_spi.o
    0x08004408   0x08004408   0x0000006c   Code   RO          602    i.HAL_SPI_MspInit   spi.o
    0x08004474   0x08004474   0x000001f0   Code   RO        11573    i.HAL_SPI_TransmitReceive  stm32f4xx_hal_spi.o
    0x08004664   0x08004664   0x00000028   Code   RO         9913    i.HAL_SYSTICK_Config  stm32f4xx_hal_cortex.o
    0x0800468c   0x0800468c   0x00000002   Code   RO        12581    i.HAL_TIMEx_BreakCallback  stm32f4xx_hal_tim_ex.o
    0x0800468e   0x0800468e   0x00000002   Code   RO        12582    i.HAL_TIMEx_CommutCallback  stm32f4xx_hal_tim_ex.o
    0x08004690   0x08004690   0x00000090   Code   RO        12600    i.HAL_TIMEx_MasterConfigSynchronization  stm32f4xx_hal_tim_ex.o
    0x08004720   0x08004720   0x0000005a   Code   RO        11877    i.HAL_TIM_Base_Init  stm32f4xx_hal_tim.o
    0x0800477a   0x0800477a   0x00000002   PAD
    0x0800477c   0x0800477c   0x00000070   Code   RO          644    i.HAL_TIM_Base_MspInit  tim.o
    0x080047ec   0x080047ec   0x00000078   Code   RO        11880    i.HAL_TIM_Base_Start  stm32f4xx_hal_tim.o
    0x08004864   0x08004864   0x00000080   Code   RO        11882    i.HAL_TIM_Base_Start_IT  stm32f4xx_hal_tim.o
    0x080048e4   0x080048e4   0x00000026   Code   RO        11883    i.HAL_TIM_Base_Stop  stm32f4xx_hal_tim.o
    0x0800490a   0x0800490a   0x000000dc   Code   RO        11886    i.HAL_TIM_ConfigClockSource  stm32f4xx_hal_tim.o
    0x080049e6   0x080049e6   0x00000026   Code   RO        11908    i.HAL_TIM_GenerateEvent  stm32f4xx_hal_tim.o
    0x08004a0c   0x08004a0c   0x00000002   Code   RO        11911    i.HAL_TIM_IC_CaptureCallback  stm32f4xx_hal_tim.o
    0x08004a0e   0x08004a0e   0x00000130   Code   RO        11925    i.HAL_TIM_IRQHandler  stm32f4xx_hal_tim.o
    0x08004b3e   0x08004b3e   0x00000002   Code   RO        11928    i.HAL_TIM_OC_DelayElapsedCallback  stm32f4xx_hal_tim.o
    0x08004b40   0x08004b40   0x00000002   Code   RO        11955    i.HAL_TIM_PWM_PulseFinishedCallback  stm32f4xx_hal_tim.o
    0x08004b42   0x08004b42   0x00000002   PAD
    0x08004b44   0x08004b44   0x0000001c   Code   RO          892    i.HAL_TIM_PeriodElapsedCallback  btn_app.o
    0x08004b60   0x08004b60   0x00000002   Code   RO        11968    i.HAL_TIM_TriggerCallback  stm32f4xx_hal_tim.o
    0x08004b62   0x08004b62   0x0000004a   Code   RO        12858    i.HAL_UARTEx_ReceiveToIdle_DMA  stm32f4xx_hal_uart.o
    0x08004bac   0x08004bac   0x00000020   Code   RO         1851    i.HAL_UARTEx_RxEventCallback  4g_web.o
    0x08004bcc   0x08004bcc   0x00000070   Code   RO        12872    i.HAL_UART_DMAStop  stm32f4xx_hal_uart.o
    0x08004c3c   0x08004c3c   0x00000002   Code   RO        12874    i.HAL_UART_ErrorCallback  stm32f4xx_hal_uart.o
    0x08004c3e   0x08004c3e   0x00000002   PAD
    0x08004c40   0x08004c40   0x00000280   Code   RO        12877    i.HAL_UART_IRQHandler  stm32f4xx_hal_uart.o
    0x08004ec0   0x08004ec0   0x00000064   Code   RO        12878    i.HAL_UART_Init     stm32f4xx_hal_uart.o
    0x08004f24   0x08004f24   0x00000130   Code   RO          698    i.HAL_UART_MspInit  usart.o
    0x08005054   0x08005054   0x00000002   Code   RO        12884    i.HAL_UART_RxCpltCallback  stm32f4xx_hal_uart.o
    0x08005056   0x08005056   0x00000002   Code   RO        12885    i.HAL_UART_RxHalfCpltCallback  stm32f4xx_hal_uart.o
    0x08005058   0x08005058   0x000000a0   Code   RO        12886    i.HAL_UART_Transmit  stm32f4xx_hal_uart.o
    0x080050f8   0x080050f8   0x00000002   Code   RO        12889    i.HAL_UART_TxCpltCallback  stm32f4xx_hal_uart.o
    0x080050fa   0x080050fa   0x00000002   Code   RO          752    i.HardFault_Handler  stm32f4xx_it.o
    0x080050fc   0x080050fc   0x0000002e   Code   RO        10611    i.I2C_IsAcknowledgeFailed  stm32f4xx_hal_i2c.o
    0x0800512a   0x0800512a   0x00000002   PAD
    0x0800512c   0x0800512c   0x000000a8   Code   RO        10622    i.I2C_RequestMemoryWrite  stm32f4xx_hal_i2c.o
    0x080051d4   0x080051d4   0x00000056   Code   RO        10626    i.I2C_WaitOnBTFFlagUntilTimeout  stm32f4xx_hal_i2c.o
    0x0800522a   0x0800522a   0x00000002   PAD
    0x0800522c   0x0800522c   0x00000090   Code   RO        10627    i.I2C_WaitOnFlagUntilTimeout  stm32f4xx_hal_i2c.o
    0x080052bc   0x080052bc   0x000000bc   Code   RO        10628    i.I2C_WaitOnMasterAddressFlagUntilTimeout  stm32f4xx_hal_i2c.o
    0x08005378   0x08005378   0x00000056   Code   RO        10630    i.I2C_WaitOnTXEFlagUntilTimeout  stm32f4xx_hal_i2c.o
    0x080053ce   0x080053ce   0x00000002   PAD
    0x080053d0   0x080053d0   0x00000074   Code   RO          411    i.MX_ADC1_Init      adc.o
    0x08005444   0x08005444   0x0000003c   Code   RO          453    i.MX_DAC_Init       dac.o
    0x08005480   0x08005480   0x0000006c   Code   RO          493    i.MX_DMA_Init       dma.o
    0x080054ec   0x080054ec   0x0000001c   Code   RO        13392    i.MX_FATFS_Init     fatfs.o
    0x08005508   0x08005508   0x00000104   Code   RO          385    i.MX_GPIO_Init      gpio.o
    0x0800560c   0x0800560c   0x0000005c   Code   RO          519    i.MX_I2C1_Init      i2c.o
    0x08005668   0x08005668   0x00000020   Code   RO          561    i.MX_SDIO_SD_Init   sdio.o
    0x08005688   0x08005688   0x00000048   Code   RO          603    i.MX_SPI2_Init      spi.o
    0x080056d0   0x080056d0   0x00000038   Code   RO          645    i.MX_TIM13_Init     tim.o
    0x08005708   0x08005708   0x00000068   Code   RO          646    i.MX_TIM3_Init      tim.o
    0x08005770   0x08005770   0x00000044   Code   RO          647    i.MX_TIM6_Init      tim.o
    0x080057b4   0x080057b4   0x00000038   Code   RO          699    i.MX_USART1_UART_Init  usart.o
    0x080057ec   0x080057ec   0x00000038   Code   RO          700    i.MX_USART6_UART_Init  usart.o
    0x08005824   0x08005824   0x000000b0   Code   RO         1366    i.Map_FFT_To_Input_Frequency  waveform_analyzer_app.o
    0x080058d4   0x080058d4   0x000000f4   Code   RO         1367    i.Map_Input_To_FFT_Frequency  waveform_analyzer_app.o
    0x080059c8   0x080059c8   0x00000002   Code   RO          753    i.MemManage_Handler  stm32f4xx_it.o
    0x080059ca   0x080059ca   0x00000002   PAD
    0x080059cc   0x080059cc   0x00000010   Code   RO         1368    i.My_FFT_Init       waveform_analyzer_app.o
    0x080059dc   0x080059dc   0x00000002   Code   RO          754    i.NMI_Handler       stm32f4xx_it.o
    0x080059de   0x080059de   0x00000034   Code   RO         6879    i.OLED_Clear        oled.o
    0x08005a12   0x08005a12   0x00000002   PAD
    0x08005a14   0x08005a14   0x00000030   Code   RO         6882    i.OLED_Init         oled.o
    0x08005a44   0x08005a44   0x00000022   Code   RO         6883    i.OLED_Set_Position  oled.o
    0x08005a66   0x08005a66   0x00000002   PAD
    0x08005a68   0x08005a68   0x00000088   Code   RO         6884    i.OLED_ShowChar     oled.o
    0x08005af0   0x08005af0   0x00000036   Code   RO         6890    i.OLED_ShowStr      oled.o
    0x08005b26   0x08005b26   0x00000002   PAD
    0x08005b28   0x08005b28   0x00000024   Code   RO         6891    i.OLED_Write_cmd    oled.o
    0x08005b4c   0x08005b4c   0x00000024   Code   RO         6892    i.OLED_Write_data   oled.o
    0x08005b70   0x08005b70   0x00000002   Code   RO          755    i.PendSV_Handler    stm32f4xx_it.o
    0x08005b72   0x08005b72   0x00000024   Code   RO        11024    i.SDIO_ConfigData   stm32f4xx_ll_sdmmc.o
    0x08005b96   0x08005b96   0x00000008   Code   RO        11028    i.SDIO_GetPowerState  stm32f4xx_ll_sdmmc.o
    0x08005b9e   0x08005b9e   0x00000006   Code   RO        11029    i.SDIO_GetResponse  stm32f4xx_ll_sdmmc.o
    0x08005ba4   0x08005ba4   0x00000024   Code   RO        11030    i.SDIO_Init         stm32f4xx_ll_sdmmc.o
    0x08005bc8   0x08005bc8   0x00000008   Code   RO        11032    i.SDIO_PowerState_ON  stm32f4xx_ll_sdmmc.o
    0x08005bd0   0x08005bd0   0x00000006   Code   RO        11033    i.SDIO_ReadFIFO     stm32f4xx_ll_sdmmc.o
    0x08005bd6   0x08005bd6   0x00000020   Code   RO        11034    i.SDIO_SendCommand  stm32f4xx_ll_sdmmc.o
    0x08005bf6   0x08005bf6   0x0000000a   Code   RO        11036    i.SDIO_WriteFIFO    stm32f4xx_ll_sdmmc.o
    0x08005c00   0x08005c00   0x00000032   Code   RO        11037    i.SDMMC_CmdAppCommand  stm32f4xx_ll_sdmmc.o
    0x08005c32   0x08005c32   0x00000002   PAD
    0x08005c34   0x08005c34   0x00000034   Code   RO        11038    i.SDMMC_CmdAppOperCommand  stm32f4xx_ll_sdmmc.o
    0x08005c68   0x08005c68   0x00000032   Code   RO        11039    i.SDMMC_CmdBlockLength  stm32f4xx_ll_sdmmc.o
    0x08005c9a   0x08005c9a   0x00000032   Code   RO        11040    i.SDMMC_CmdBusWidth  stm32f4xx_ll_sdmmc.o
    0x08005ccc   0x08005ccc   0x00000050   Code   RO        11044    i.SDMMC_CmdGoIdleState  stm32f4xx_ll_sdmmc.o
    0x08005d1c   0x08005d1c   0x00000030   Code   RO        11046    i.SDMMC_CmdOperCond  stm32f4xx_ll_sdmmc.o
    0x08005d4c   0x08005d4c   0x00000032   Code   RO        11047    i.SDMMC_CmdReadMultiBlock  stm32f4xx_ll_sdmmc.o
    0x08005d7e   0x08005d7e   0x00000032   Code   RO        11048    i.SDMMC_CmdReadSingleBlock  stm32f4xx_ll_sdmmc.o
    0x08005db0   0x08005db0   0x00000032   Code   RO        11051    i.SDMMC_CmdSelDesel  stm32f4xx_ll_sdmmc.o
    0x08005de2   0x08005de2   0x0000002c   Code   RO        11052    i.SDMMC_CmdSendCID  stm32f4xx_ll_sdmmc.o
    0x08005e0e   0x08005e0e   0x0000002c   Code   RO        11053    i.SDMMC_CmdSendCSD  stm32f4xx_ll_sdmmc.o
    0x08005e3a   0x08005e3a   0x00000030   Code   RO        11055    i.SDMMC_CmdSendSCR  stm32f4xx_ll_sdmmc.o
    0x08005e6a   0x08005e6a   0x00000032   Code   RO        11056    i.SDMMC_CmdSendStatus  stm32f4xx_ll_sdmmc.o
    0x08005e9c   0x08005e9c   0x00000030   Code   RO        11057    i.SDMMC_CmdSetRelAdd  stm32f4xx_ll_sdmmc.o
    0x08005ecc   0x08005ecc   0x00000034   Code   RO        11060    i.SDMMC_CmdStopTransfer  stm32f4xx_ll_sdmmc.o
    0x08005f00   0x08005f00   0x00000032   Code   RO        11062    i.SDMMC_CmdWriteMultiBlock  stm32f4xx_ll_sdmmc.o
    0x08005f32   0x08005f32   0x00000032   Code   RO        11063    i.SDMMC_CmdWriteSingleBlock  stm32f4xx_ll_sdmmc.o
    0x08005f64   0x08005f64   0x00000120   Code   RO        11064    i.SDMMC_GetCmdResp1  stm32f4xx_ll_sdmmc.o
    0x08006084   0x08006084   0x00000050   Code   RO        11065    i.SDMMC_GetCmdResp2  stm32f4xx_ll_sdmmc.o
    0x080060d4   0x080060d4   0x00000044   Code   RO        11066    i.SDMMC_GetCmdResp3  stm32f4xx_ll_sdmmc.o
    0x08006118   0x08006118   0x00000088   Code   RO        11067    i.SDMMC_GetCmdResp6  stm32f4xx_ll_sdmmc.o
    0x080061a0   0x080061a0   0x00000058   Code   RO        11068    i.SDMMC_GetCmdResp7  stm32f4xx_ll_sdmmc.o
    0x080061f8   0x080061f8   0x00000020   Code   RO        13332    i.SD_CheckStatus    sd_diskio.o
    0x08006218   0x08006218   0x000000e0   Code   RO        11342    i.SD_FindSCR        stm32f4xx_hal_sd.o
    0x080062f8   0x080062f8   0x000000ee   Code   RO        11343    i.SD_InitCard       stm32f4xx_hal_sd.o
    0x080063e6   0x080063e6   0x00000002   PAD
    0x080063e8   0x080063e8   0x000000b4   Code   RO        11344    i.SD_PowerON        stm32f4xx_hal_sd.o
    0x0800649c   0x0800649c   0x00000020   Code   RO        13333    i.SD_initialize     sd_diskio.o
    0x080064bc   0x080064bc   0x00000050   Code   RO        13334    i.SD_ioctl          sd_diskio.o
    0x0800650c   0x0800650c   0x00000026   Code   RO        13335    i.SD_read           sd_diskio.o
    0x08006532   0x08006532   0x00000004   Code   RO        13336    i.SD_status         sd_diskio.o
    0x08006536   0x08006536   0x00000002   PAD
    0x08006538   0x08006538   0x00000026   Code   RO        13337    i.SD_write          sd_diskio.o
    0x0800655e   0x0800655e   0x00000002   PAD
    0x08006560   0x08006560   0x0000006c   Code   RO        11602    i.SPI_EndRxTxTransaction  stm32f4xx_hal_spi.o
    0x080065cc   0x080065cc   0x000000bc   Code   RO        11607    i.SPI_WaitFlagStateUntilTimeout  stm32f4xx_hal_spi.o
    0x08006688   0x08006688   0x00000002   Code   RO          756    i.SVC_Handler       stm32f4xx_it.o
    0x0800668a   0x0800668a   0x00000004   Code   RO          757    i.SysTick_Handler   stm32f4xx_it.o
    0x0800668e   0x0800668e   0x00000002   PAD
    0x08006690   0x08006690   0x00000098   Code   RO           14    i.SystemClock_Config  main.o
    0x08006728   0x08006728   0x00000010   Code   RO         8770    i.SystemInit        system_stm32f4xx.o
    0x08006738   0x08006738   0x0000000c   Code   RO          758    i.TIM8_UP_TIM13_IRQHandler  stm32f4xx_it.o
    0x08006744   0x08006744   0x000000d0   Code   RO        11970    i.TIM_Base_SetConfig  stm32f4xx_hal_tim.o
    0x08006814   0x08006814   0x00000014   Code   RO        11981    i.TIM_ETR_SetConfig  stm32f4xx_hal_tim.o
    0x08006828   0x08006828   0x00000010   Code   RO        11982    i.TIM_ITRx_SetConfig  stm32f4xx_hal_tim.o
    0x08006838   0x08006838   0x00000022   Code   RO        11988    i.TIM_TI1_ConfigInputStage  stm32f4xx_hal_tim.o
    0x0800685a   0x0800685a   0x00000024   Code   RO        11990    i.TIM_TI2_ConfigInputStage  stm32f4xx_hal_tim.o
    0x0800687e   0x0800687e   0x00000002   PAD
    0x08006880   0x08006880   0x00000040   Code   RO         1125    i.UART1_RxEventCallback  uart_app.o
    0x080068c0   0x080068c0   0x00000040   Code   RO         1852    i.UART6_RxEventCallback  4g_web.o
    0x08006900   0x08006900   0x0000000e   Code   RO        12891    i.UART_DMAAbortOnError  stm32f4xx_hal_uart.o
    0x0800690e   0x0800690e   0x0000004a   Code   RO        12892    i.UART_DMAError     stm32f4xx_hal_uart.o
    0x08006958   0x08006958   0x00000086   Code   RO        12893    i.UART_DMAReceiveCplt  stm32f4xx_hal_uart.o
    0x080069de   0x080069de   0x0000001e   Code   RO        12895    i.UART_DMARxHalfCplt  stm32f4xx_hal_uart.o
    0x080069fc   0x080069fc   0x0000004e   Code   RO        12901    i.UART_EndRxTransfer  stm32f4xx_hal_uart.o
    0x08006a4a   0x08006a4a   0x0000001c   Code   RO        12902    i.UART_EndTxTransfer  stm32f4xx_hal_uart.o
    0x08006a66   0x08006a66   0x000000c2   Code   RO        12903    i.UART_Receive_IT   stm32f4xx_hal_uart.o
    0x08006b28   0x08006b28   0x0000010c   Code   RO        12904    i.UART_SetConfig    stm32f4xx_hal_uart.o
    0x08006c34   0x08006c34   0x000000a0   Code   RO        12905    i.UART_Start_Receive_DMA  stm32f4xx_hal_uart.o
    0x08006cd4   0x08006cd4   0x00000072   Code   RO        12907    i.UART_WaitOnFlagUntilTimeout  stm32f4xx_hal_uart.o
    0x08006d46   0x08006d46   0x00000002   PAD
    0x08006d48   0x08006d48   0x0000000c   Code   RO          759    i.USART1_IRQHandler  stm32f4xx_it.o
    0x08006d54   0x08006d54   0x0000000c   Code   RO          760    i.USART6_IRQHandler  stm32f4xx_it.o
    0x08006d60   0x08006d60   0x00000002   Code   RO          761    i.UsageFault_Handler  stm32f4xx_it.o
    0x08006d62   0x08006d62   0x00000044   Code   RO         7163    i.WouoUI_Animation  wououi_anim.o
    0x08006da6   0x08006da6   0x00000002   PAD
    0x08006da8   0x08006da8   0x00000048   Code   RO         7197    i.WouoUI_BuffAllBlur  wououi_graph.o
    0x08006df0   0x08006df0   0x00000044   Code   RO         7200    i.WouoUI_BuffWriteByte  wououi_graph.o
    0x08006e34   0x08006e34   0x000001a2   Code   RO         7201    i.WouoUI_CanvasDrawASCII  wououi_graph.o
    0x08006fd6   0x08006fd6   0x000000d4   Code   RO         7202    i.WouoUI_CanvasDrawBMP  wououi_graph.o
    0x080070aa   0x080070aa   0x000000c2   Code   RO         7203    i.WouoUI_CanvasDrawBoxRightAngle  wououi_graph.o
    0x0800716c   0x0800716c   0x0000005a   Code   RO         7206    i.WouoUI_CanvasDrawLine_H  wououi_graph.o
    0x080071c6   0x080071c6   0x00000002   PAD
    0x080071c8   0x080071c8   0x000000a2   Code   RO         7207    i.WouoUI_CanvasDrawLine_V  wououi_graph.o
    0x0800726a   0x0800726a   0x00000006   Code   RO         7208    i.WouoUI_CanvasDrawPoint  wououi_graph.o
    0x08007270   0x08007270   0x00000012   Code   RO         7209    i.WouoUI_CanvasDrawRBox  wououi_graph.o
    0x08007282   0x08007282   0x000000b0   Code   RO         7210    i.WouoUI_CanvasDrawRBoxCommon  wououi_graph.o
    0x08007332   0x08007332   0x00000012   Code   RO         7211    i.WouoUI_CanvasDrawRBoxEmpty  wououi_graph.o
    0x08007344   0x08007344   0x000000d6   Code   RO         7212    i.WouoUI_CanvasDrawSlideStr  wououi_graph.o
    0x0800741a   0x0800741a   0x00000048   Code   RO         7213    i.WouoUI_CanvasDrawStr  wououi_graph.o
    0x08007462   0x08007462   0x0000007a   Code   RO         7214    i.WouoUI_CanvasDrawStrAutoNewline  wououi_graph.o
    0x080074dc   0x080074dc   0x00000012   Code   RO         7216    i.WouoUI_CanvasSlideStrReset  wououi_graph.o
    0x080074ee   0x080074ee   0x000000b8   Code   RO         7217    i.WouoUI_CanvasWriteByte  wououi_graph.o
    0x080075a6   0x080075a6   0x00000002   PAD
    0x080075a8   0x080075a8   0x00000080   Code   RO         7747    i.WouoUI_ConfWinPageIn  wououi_win.o
    0x08007628   0x08007628   0x00000168   Code   RO         7748    i.WouoUI_ConfWinPageInParaInit  wououi_win.o
    0x08007790   0x08007790   0x00000068   Code   RO         7749    i.WouoUI_ConfWinPageIndicatorCtrl  wououi_win.o
    0x080077f8   0x080077f8   0x000000a4   Code   RO         7751    i.WouoUI_ConfWinPageReact  wououi_win.o
    0x0800789c   0x0800789c   0x0000008c   Code   RO         7752    i.WouoUI_ConfWinPageShow  wououi_win.o
    0x08007928   0x08007928   0x00000016   Code   RO         7753    i.WouoUI_ConfWinPageSlideDownTxt  wououi_win.o
    0x0800793e   0x0800793e   0x00000002   PAD
    0x08007940   0x08007940   0x00000034   Code   RO         7754    i.WouoUI_ConfWinPageSlideUpTxt  wououi_win.o
    0x08007974   0x08007974   0x00000094   Code   RO         7755    i.WouoUI_ConfWinPageToggleBtn  wououi_win.o
    0x08007a08   0x08007a08   0x00000002   Code   RO         6994    i.WouoUI_FuncDoNothing  wououi.o
    0x08007a0a   0x08007a0a   0x00000004   Code   RO         6996    i.WouoUI_FuncDoNothingRetTrue  wououi.o
    0x08007a0e   0x08007a0e   0x00000038   Code   RO         7219    i.WouoUI_GetStrHeightAutoNewLine  wououi_graph.o
    0x08007a46   0x08007a46   0x00000010   Code   RO         7220    i.WouoUI_GetStrWidth  wououi_graph.o
    0x08007a56   0x08007a56   0x00000002   PAD
    0x08007a58   0x08007a58   0x00000038   Code   RO         7225    i.WouoUI_GraphSetPenColor  wououi_graph.o
    0x08007a90   0x08007a90   0x000000bc   Code   RO         7419    i.WouoUI_ListAuotCanvasDrawLineTailValTxt  wououi_page.o
    0x08007b4c   0x08007b4c   0x00000208   Code   RO         7420    i.WouoUI_ListDrawText_CheckBox  wououi_page.o
    0x08007d54   0x08007d54   0x000000a8   Code   RO         7421    i.WouoUI_ListPageIn  wououi_page.o
    0x08007dfc   0x08007dfc   0x00000068   Code   RO         7422    i.WouoUI_ListPageInParaInit  wououi_page.o
    0x08007e64   0x08007e64   0x0000005c   Code   RO         7423    i.WouoUI_ListPageIndicatorCtrl  wououi_page.o
    0x08007ec0   0x08007ec0   0x000000c4   Code   RO         7425    i.WouoUI_ListPageLastItem  wououi_page.o
    0x08007f84   0x08007f84   0x000000bc   Code   RO         7426    i.WouoUI_ListPageNextItem  wououi_page.o
    0x08008040   0x08008040   0x000000e4   Code   RO         7427    i.WouoUI_ListPageReact  wououi_page.o
    0x08008124   0x08008124   0x00000068   Code   RO         7428    i.WouoUI_ListPageScrollBarCtrl  wououi_page.o
    0x0800818c   0x0800818c   0x0000007c   Code   RO         7429    i.WouoUI_ListPageShow  wououi_page.o
    0x08008208   0x08008208   0x00000064   Code   RO         7756    i.WouoUI_ListWinPageIn  wououi_win.o
    0x0800826c   0x0800826c   0x00000064   Code   RO         7757    i.WouoUI_ListWinPageInParaInit  wououi_win.o
    0x080082d0   0x080082d0   0x0000008c   Code   RO         7758    i.WouoUI_ListWinPageIndicatorCtrl  wououi_win.o
    0x0800835c   0x0800835c   0x000000b4   Code   RO         7760    i.WouoUI_ListWinPageLastItem  wououi_win.o
    0x08008410   0x08008410   0x000000ac   Code   RO         7761    i.WouoUI_ListWinPageNextItem  wououi_win.o
    0x080084bc   0x080084bc   0x000000a8   Code   RO         7762    i.WouoUI_ListWinPageReact  wououi_win.o
    0x08008564   0x08008564   0x00000068   Code   RO         7763    i.WouoUI_ListWinPageScrollBarCtrl  wououi_win.o
    0x080085cc   0x080085cc   0x00000094   Code   RO         7764    i.WouoUI_ListWinPageShow  wououi_win.o
    0x08008660   0x08008660   0x00000010   Code   RO         7385    i.WouoUI_MsgQueIsEmpty  wououi_msg.o
    0x08008670   0x08008670   0x00000016   Code   RO         7386    i.WouoUI_MsgQueIsFull  wououi_msg.o
    0x08008686   0x08008686   0x00000022   Code   RO         7387    i.WouoUI_MsgQueRead  wououi_msg.o
    0x080086a8   0x080086a8   0x00000024   Code   RO         7388    i.WouoUI_MsgQueSend  wououi_msg.o
    0x080086cc   0x080086cc   0x000000d0   Code   RO         7765    i.WouoUI_MsgWinPageIn  wououi_win.o
    0x0800879c   0x0800879c   0x00000080   Code   RO         7766    i.WouoUI_MsgWinPageInParaInit  wououi_win.o
    0x0800881c   0x0800881c   0x00000064   Code   RO         7767    i.WouoUI_MsgWinPageIndicatorCtrl  wououi_win.o
    0x08008880   0x08008880   0x00000070   Code   RO         7769    i.WouoUI_MsgWinPageReact  wououi_win.o
    0x080088f0   0x080088f0   0x0000009c   Code   RO         7771    i.WouoUI_MsgWinPageShow  wououi_win.o
    0x0800898c   0x0800898c   0x00000016   Code   RO         7772    i.WouoUI_MsgWinPageSlideDownTxt  wououi_win.o
    0x080089a2   0x080089a2   0x00000002   PAD
    0x080089a4   0x080089a4   0x00000024   Code   RO         7773    i.WouoUI_MsgWinPageSlideUpTxt  wououi_win.o
    0x080089c8   0x080089c8   0x0000002c   Code   RO         7432    i.WouoUI_PageReturn  wououi_page.o
    0x080089f4   0x080089f4   0x00000044   Code   RO         7774    i.WouoUI_SpinWinPageChangeSelbit  wououi_win.o
    0x08008a38   0x08008a38   0x00000074   Code   RO         7775    i.WouoUI_SpinWinPageIn  wououi_win.o
    0x08008aac   0x08008aac   0x000001b8   Code   RO         7776    i.WouoUI_SpinWinPageInParaInit  wououi_win.o
    0x08008c64   0x08008c64   0x000000cc   Code   RO         7777    i.WouoUI_SpinWinPageIndicatorCtrl  wououi_win.o
    0x08008d30   0x08008d30   0x000000d8   Code   RO         7779    i.WouoUI_SpinWinPageReact  wououi_win.o
    0x08008e08   0x08008e08   0x00000030   Code   RO         7781    i.WouoUI_SpinWinPageShiftSelbit  wououi_win.o
    0x08008e38   0x08008e38   0x000000bc   Code   RO         7782    i.WouoUI_SpinWinPageShow  wououi_win.o
    0x08008ef4   0x08008ef4   0x00000010   Code   RO         7783    i.WouoUI_SpinWinPageToggleSelState  wououi_win.o
    0x08008f04   0x08008f04   0x00000068   Code   RO         7434    i.WouoUI_TItlePageNextItem  wououi_page.o
    0x08008f6c   0x08008f6c   0x0000010c   Code   RO         7435    i.WouoUI_TitlePageIn  wououi_page.o
    0x08009078   0x08009078   0x00000050   Code   RO         7436    i.WouoUI_TitlePageInParaInit  wououi_page.o
    0x080090c8   0x080090c8   0x00000054   Code   RO         7437    i.WouoUI_TitlePageIndicatorCtrl  wououi_page.o
    0x0800911c   0x0800911c   0x0000006c   Code   RO         7439    i.WouoUI_TitlePageLastItem  wououi_page.o
    0x08009188   0x08009188   0x00000070   Code   RO         7440    i.WouoUI_TitlePageReact  wououi_page.o
    0x080091f8   0x080091f8   0x000000f4   Code   RO         7441    i.WouoUI_TitlePageShow  wououi_page.o
    0x080092ec   0x080092ec   0x00000070   Code   RO         7784    i.WouoUI_ValWinPageIn  wououi_win.o
    0x0800935c   0x0800935c   0x00000198   Code   RO         7785    i.WouoUI_ValWinPageInParaInit  wououi_win.o
    0x080094f4   0x080094f4   0x00000084   Code   RO         7786    i.WouoUI_ValWinPageIndicatorCtrl  wououi_win.o
    0x08009578   0x08009578   0x000000ac   Code   RO         7788    i.WouoUI_ValWinPageReact  wououi_win.o
    0x08009624   0x08009624   0x000000d0   Code   RO         7790    i.WouoUI_ValWinPageShow  wououi_win.o
    0x080096f4   0x080096f4   0x00000016   Code   RO         7791    i.WouoUI_ValWinPageValDecrease  wououi_win.o
    0x0800970a   0x0800970a   0x00000016   Code   RO         7792    i.WouoUI_ValWinPageValIncrease  wououi_win.o
    0x08009720   0x08009720   0x000000ec   Code   RO         7442    i.WouoUI_WavePageCanShiftWave  wououi_page.o
    0x0800980c   0x0800980c   0x00000074   Code   RO         7443    i.WouoUI_WavePageInParaInit  wououi_page.o
    0x08009880   0x08009880   0x00000048   Code   RO         7444    i.WouoUI_WavePageIndicatorCtrl  wououi_page.o
    0x080098c8   0x080098c8   0x0000004c   Code   RO         7446    i.WouoUI_WavePageLeftShiftWave  wououi_page.o
    0x08009914   0x08009914   0x000000b0   Code   RO         7447    i.WouoUI_WavePageReact  wououi_page.o
    0x080099c4   0x080099c4   0x00000050   Code   RO         7448    i.WouoUI_WavePageRightShiftWave  wououi_page.o
    0x08009a14   0x08009a14   0x000003f0   Code   RO         7449    i.WouoUI_WavePageShow  wououi_page.o
    0x08009e04   0x08009e04   0x00000014   Code   RO         7450    i.WouoUI_WavePageShowLastWaveData  wououi_page.o
    0x08009e18   0x08009e18   0x0000001c   Code   RO         7451    i.WouoUI_WavePageShowNextWaveData  wououi_page.o
    0x08009e34   0x08009e34   0x000000cc   Code   RO         7452    i.WouoUI_WavePageStopRestartWave  wououi_page.o
    0x08009f00   0x08009f00   0x00000108   Code   RO         7793    i._WouoUI_ConfWinPageDraw  wououi_win.o
    0x0800a008   0x0800a008   0x00000278   Code   RO         7794    i._WouoUI_SpinWinPageDraw  wououi_win.o
    0x0800a280   0x0800a280   0x000001f8   Code   RO         7795    i._WouoUI_ValWinPageDraw  wououi_win.o
    0x0800a478   0x0800a478   0x00000060   Code   RO         7454    i._WouoUI_WaveAnimParaReaset  wououi_page.o
    0x0800a4d8   0x0800a4d8   0x00000170   Code   RO         7455    i._WouoUI_WaveUpdateRange  wououi_page.o
    0x0800a648   0x0800a648   0x00000090   Code   RO         7796    i._WouoUI_WinGetBGSelectItem  wououi_win.o
    0x0800a6d8   0x0800a6d8   0x0000001c   Code   RO         7456    i._WouoUI_indexIsInShowRange  wououi_page.o
    0x0800a6f4   0x0800a6f4   0x000000d0   Code   RO         7797    i._WouoUI_listWinPageDraw  wououi_win.o
    0x0800a7c4   0x0800a7c4   0x00000020   Code   RO        14425    i.__0printf         mc_w.l(printfa.o)
    0x0800a7e4   0x0800a7e4   0x00000034   Code   RO        14426    i.__0snprintf       mc_w.l(printfa.o)
    0x0800a818   0x0800a818   0x00000028   Code   RO        14427    i.__0sprintf        mc_w.l(printfa.o)
    0x0800a840   0x0800a840   0x00000034   Code   RO        14430    i.__0vsnprintf      mc_w.l(printfa.o)
    0x0800a874   0x0800a874   0x00000026   Code   RO        14497    i.__ARM_fpclassifyf  m_wm.l(fpclassifyf.o)
    0x0800a89a   0x0800a89a   0x00000020   Code   RO         9915    i.__NVIC_SetPriority  stm32f4xx_hal_cortex.o
    0x0800a8ba   0x0800a8ba   0x00000002   PAD
    0x0800a8bc   0x0800a8bc   0x000002ac   Code   RO        14099    i.__hardfp_atan2f   m_wm.l(atan2f.o)
    0x0800ab68   0x0800ab68   0x00000190   Code   RO        14125    i.__hardfp_sinf     m_wm.l(sinf.o)
    0x0800acf8   0x0800acf8   0x0000003a   Code   RO        14137    i.__hardfp_sqrtf    m_wm.l(sqrtf.o)
    0x0800ad32   0x0800ad32   0x00000006   Code   RO        14500    i.__mathlib_flt_infnan  m_wm.l(funder.o)
    0x0800ad38   0x0800ad38   0x00000006   Code   RO        14501    i.__mathlib_flt_infnan2  m_wm.l(funder.o)
    0x0800ad3e   0x0800ad3e   0x00000002   PAD
    0x0800ad40   0x0800ad40   0x00000010   Code   RO        14502    i.__mathlib_flt_invalid  m_wm.l(funder.o)
    0x0800ad50   0x0800ad50   0x00000010   Code   RO        14505    i.__mathlib_flt_underflow  m_wm.l(funder.o)
    0x0800ad60   0x0800ad60   0x00000154   Code   RO        14513    i.__mathlib_rredf2  m_wm.l(rredf.o)
    0x0800aeb4   0x0800aeb4   0x0000000e   Code   RO        14607    i.__scatterload_copy  mc_w.l(handlers.o)
    0x0800aec2   0x0800aec2   0x00000002   Code   RO        14608    i.__scatterload_null  mc_w.l(handlers.o)
    0x0800aec4   0x0800aec4   0x0000000e   Code   RO        14609    i.__scatterload_zeroinit  mc_w.l(handlers.o)
    0x0800aed2   0x0800aed2   0x00000002   PAD
    0x0800aed4   0x0800aed4   0x0000000c   Code   RO        14545    i.__set_errno       mc_w.l(errno.o)
    0x0800aee0   0x0800aee0   0x00000184   Code   RO        14432    i._fp_digits        mc_w.l(printfa.o)
    0x0800b064   0x0800b064   0x000006b4   Code   RO        14433    i._printf_core      mc_w.l(printfa.o)
    0x0800b718   0x0800b718   0x00000024   Code   RO        14434    i._printf_post_padding  mc_w.l(printfa.o)
    0x0800b73c   0x0800b73c   0x0000002e   Code   RO        14435    i._printf_pre_padding  mc_w.l(printfa.o)
    0x0800b76a   0x0800b76a   0x00000032   Code   RO         7457    i._roundToNearestTen  wououi_page.o
    0x0800b79c   0x0800b79c   0x00000016   Code   RO        14436    i._snputc           mc_w.l(printfa.o)
    0x0800b7b2   0x0800b7b2   0x0000000a   Code   RO        14437    i._sputc            mc_w.l(printfa.o)
    0x0800b7bc   0x0800b7bc   0x00000034   Code   RO         1179    i.adc_init          adc_app.o
    0x0800b7f0   0x0800b7f0   0x00000200   Code   RO         1180    i.adc_task          adc_app.o
    0x0800b9f0   0x0800b9f0   0x00000010   Code   RO         1225    i.app_dac_init      dac_app.o
    0x0800ba00   0x0800ba00   0x00000070   Code   RO          893    i.app_ebtn_init     btn_app.o
    0x0800ba70   0x0800ba70   0x00000026   Code   RO         6628    i.bit_array_and     ebtn.o
    0x0800ba96   0x0800ba96   0x0000001e   Code   RO         6629    i.bit_array_assign  ebtn.o
    0x0800bab4   0x0800bab4   0x0000000c   Code   RO         6630    i.bit_array_cmp     ebtn.o
    0x0800bac0   0x0800bac0   0x00000012   Code   RO         6631    i.bit_array_get     ebtn.o
    0x0800bad2   0x0800bad2   0x00000002   PAD
    0x0800bad4   0x0800bad4   0x00000026   Code   RO         6632    i.bit_array_or      ebtn.o
    0x0800bafa   0x0800bafa   0x00000002   Code   RO          894    i.btn_task          btn_app.o
    0x0800bafc   0x0800bafc   0x00000070   Code   RO        13485    i.check_fs          ff.o
    0x0800bb6c   0x0800bb6c   0x00000010   Code   RO        13486    i.chk_chr           ff.o
    0x0800bb7c   0x0800bb7c   0x0000005c   Code   RO        13487    i.chk_lock          ff.o
    0x0800bbd8   0x0800bbd8   0x00000020   Code   RO        13488    i.clear_lock        ff.o
    0x0800bbf8   0x0800bbf8   0x00000024   Code   RO        13489    i.clmt_clust        ff.o
    0x0800bc1c   0x0800bc1c   0x00000018   Code   RO        13490    i.clust2sect        ff.o
    0x0800bc34   0x0800bc34   0x000000e8   Code   RO         1673    i.cmd_cat           shell_app.o
    0x0800bd1c   0x0800bd1c   0x000001ec   Code   RO         1674    i.cmd_cd            shell_app.o
    0x0800bf08   0x0800bf08   0x00000014   Code   RO         1675    i.cmd_clear         shell_app.o
    0x0800bf1c   0x0800bf1c   0x000001b8   Code   RO         1676    i.cmd_cp            shell_app.o
    0x0800c0d4   0x0800c0d4   0x00000044   Code   RO         1677    i.cmd_echo          shell_app.o
    0x0800c118   0x0800c118   0x00000058   Code   RO         1678    i.cmd_help          shell_app.o
    0x0800c170   0x0800c170   0x000003bc   Code   RO         1679    i.cmd_ls            shell_app.o
    0x0800c52c   0x0800c52c   0x000000b4   Code   RO         1680    i.cmd_mkdir         shell_app.o
    0x0800c5e0   0x0800c5e0   0x000000c4   Code   RO         1681    i.cmd_mv            shell_app.o
    0x0800c6a4   0x0800c6a4   0x0000001c   Code   RO         1682    i.cmd_pwd           shell_app.o
    0x0800c6c0   0x0800c6c0   0x00000118   Code   RO         1683    i.cmd_rm            shell_app.o
    0x0800c7d8   0x0800c7d8   0x000000b8   Code   RO         1684    i.cmd_touch         shell_app.o
    0x0800c890   0x0800c890   0x00000170   Code   RO         1685    i.cmd_write         shell_app.o
    0x0800ca00   0x0800ca00   0x00000080   Code   RO        13491    i.cmp_lfn           ff.o
    0x0800ca80   0x0800ca80   0x000000a4   Code   RO        13492    i.create_chain      ff.o
    0x0800cb24   0x0800cb24   0x00000244   Code   RO        13493    i.create_name       ff.o
    0x0800cd68   0x0800cd68   0x00000050   Code   RO         1227    i.dac_app_get_adc_sampling_interval_us  dac_app.o
    0x0800cdb8   0x0800cdb8   0x0000000c   Code   RO         1229    i.dac_app_get_update_frequency  dac_app.o
    0x0800cdc4   0x0800cdc4   0x00000068   Code   RO         1231    i.dac_app_set_amplitude  dac_app.o
    0x0800ce2c   0x0800ce2c   0x00000028   Code   RO         1235    i.dac_init          dac_app.o
    0x0800ce54   0x0800ce54   0x00000034   Code   RO        13494    i.dec_lock          ff.o
    0x0800ce88   0x0800ce88   0x000000d0   Code   RO        13495    i.dir_find          ff.o
    0x0800cf58   0x0800cf58   0x000000f4   Code   RO        13496    i.dir_next          ff.o
    0x0800d04c   0x0800d04c   0x000000b6   Code   RO        13497    i.dir_read          ff.o
    0x0800d102   0x0800d102   0x00000002   PAD
    0x0800d104   0x0800d104   0x000001e4   Code   RO        13498    i.dir_register      ff.o
    0x0800d2e8   0x0800d2e8   0x00000082   Code   RO        13500    i.dir_sdi           ff.o
    0x0800d36a   0x0800d36a   0x00000002   PAD
    0x0800d36c   0x0800d36c   0x0000002c   Code   RO        13430    i.disk_initialize   diskio.o
    0x0800d398   0x0800d398   0x0000001c   Code   RO        13431    i.disk_ioctl        diskio.o
    0x0800d3b4   0x0800d3b4   0x0000001c   Code   RO        13432    i.disk_read         diskio.o
    0x0800d3d0   0x0800d3d0   0x00000018   Code   RO        13433    i.disk_status       diskio.o
    0x0800d3e8   0x0800d3e8   0x0000001c   Code   RO        13434    i.disk_write        diskio.o
    0x0800d404   0x0800d404   0x0000001a   Code   RO         6633    i.ebtn_combo_btn_add_btn  ebtn.o
    0x0800d41e   0x0800d41e   0x00000016   Code   RO         6634    i.ebtn_combo_btn_add_btn_by_idx  ebtn.o
    0x0800d434   0x0800d434   0x00000040   Code   RO         6641    i.ebtn_get_btn_index_by_key_id  ebtn.o
    0x0800d474   0x0800d474   0x00000044   Code   RO         6644    i.ebtn_init         ebtn.o
    0x0800d4b8   0x0800d4b8   0x00000064   Code   RO         6648    i.ebtn_process      ebtn.o
    0x0800d51c   0x0800d51c   0x0000002e   Code   RO         6649    i.ebtn_process_btn  ebtn.o
    0x0800d54a   0x0800d54a   0x00000002   PAD
    0x0800d54c   0x0800d54c   0x000000ac   Code   RO         6650    i.ebtn_process_btn_combo  ebtn.o
    0x0800d5f8   0x0800d5f8   0x00000158   Code   RO         6651    i.ebtn_process_with_curr_state  ebtn.o
    0x0800d750   0x0800d750   0x0000000c   Code   RO         6653    i.ebtn_set_config   ebtn.o
    0x0800d75c   0x0800d75c   0x00000028   Code   RO        13501    i.f_close           ff.o
    0x0800d784   0x0800d784   0x00000022   Code   RO        13502    i.f_closedir        ff.o
    0x0800d7a6   0x0800d7a6   0x00000002   PAD
    0x0800d7a8   0x0800d7a8   0x00000172   Code   RO        13506    i.f_mkdir           ff.o
    0x0800d91a   0x0800d91a   0x00000002   PAD
    0x0800d91c   0x0800d91c   0x00000058   Code   RO        13508    i.f_mount           ff.o
    0x0800d974   0x0800d974   0x00000244   Code   RO        13509    i.f_open            ff.o
    0x0800dbb8   0x0800dbb8   0x000000ac   Code   RO        13510    i.f_opendir         ff.o
    0x0800dc64   0x0800dc64   0x00000152   Code   RO        13514    i.f_read            ff.o
    0x0800ddb6   0x0800ddb6   0x00000066   Code   RO        13515    i.f_readdir         ff.o
    0x0800de1c   0x0800de1c   0x0000008e   Code   RO        13518    i.f_sync            ff.o
    0x0800deaa   0x0800deaa   0x0000018e   Code   RO        13521    i.f_write           ff.o
    0x0800e038   0x0800e038   0x0000004c   Code   RO        13925    i.ff_convert        cc936.o
    0x0800e084   0x0800e084   0x00000004   Code   RO        13889    i.ff_memalloc       syscall.o
    0x0800e088   0x0800e088   0x00000004   Code   RO        13890    i.ff_memfree        syscall.o
    0x0800e08c   0x0800e08c   0x00000080   Code   RO        13926    i.ff_wtoupper       cc936.o
    0x0800e10c   0x0800e10c   0x00000254   Code   RO        13522    i.find_volume       ff.o
    0x0800e360   0x0800e360   0x00000074   Code   RO        13523    i.follow_path       ff.o
    0x0800e3d4   0x0800e3d4   0x00000012   Code   RO        14532    i.fputc             mc_w.l(fputc.o)
    0x0800e3e6   0x0800e3e6   0x00000002   PAD
    0x0800e3e8   0x0800e3e8   0x00000050   Code   RO        14453    i.free              mc_w.l(malloc.o)
    0x0800e438   0x0800e438   0x0000008c   Code   RO        13524    i.gen_numname       ff.o
    0x0800e4c4   0x0800e4c4   0x000000dc   Code   RO         1236    i.generate_sine     dac_app.o
    0x0800e5a0   0x0800e5a0   0x0000007c   Code   RO         1237    i.generate_square   dac_app.o
    0x0800e61c   0x0800e61c   0x00000130   Code   RO         1238    i.generate_triangle  dac_app.o
    0x0800e74c   0x0800e74c   0x00000020   Code   RO         1239    i.generate_waveform  dac_app.o
    0x0800e76c   0x0800e76c   0x000000be   Code   RO        13525    i.get_fat           ff.o
    0x0800e82a   0x0800e82a   0x00000004   Code   RO        13393    i.get_fattime       fatfs.o
    0x0800e82e   0x0800e82e   0x000000f4   Code   RO        13526    i.get_fileinfo      ff.o
    0x0800e922   0x0800e922   0x0000003c   Code   RO        13527    i.get_ldnumber      ff.o
    0x0800e95e   0x0800e95e   0x00000002   PAD
    0x0800e960   0x0800e960   0x00000080   Code   RO        13528    i.inc_lock          ff.o
    0x0800e9e0   0x0800e9e0   0x00000026   Code   RO        13529    i.ld_clust          ff.o
    0x0800ea06   0x0800ea06   0x00000016   Code   RO        13530    i.ld_dword          ff.o
    0x0800ea1c   0x0800ea1c   0x0000000a   Code   RO        13531    i.ld_word           ff.o
    0x0800ea26   0x0800ea26   0x00000002   PAD
    0x0800ea28   0x0800ea28   0x00000080   Code   RO         1045    i.led_disp          led_app.o
    0x0800eaa8   0x0800eaa8   0x0000000c   Code   RO         1046    i.led_task          led_app.o
    0x0800eab4   0x0800eab4   0x00000012   Code   RO         8148    i.lfs_alignup       lfs.o
    0x0800eac6   0x0800eac6   0x00000002   PAD
    0x0800eac8   0x0800eac8   0x000000f8   Code   RO         8149    i.lfs_alloc         lfs.o
    0x0800ebc0   0x0800ebc0   0x00000034   Code   RO         8150    i.lfs_alloc_lookahead  lfs.o
    0x0800ebf4   0x0800ebf4   0x0000045c   Code   RO         1624    i.lfs_basic_test    flash_app.o
    0x0800f050   0x0800f050   0x00000066   Code   RO         8151    i.lfs_bd_cmp        lfs.o
    0x0800f0b6   0x0800f0b6   0x00000018   Code   RO         8152    i.lfs_bd_erase      lfs.o
    0x0800f0ce   0x0800f0ce   0x00000084   Code   RO         8153    i.lfs_bd_flush      lfs.o
    0x0800f152   0x0800f152   0x000000b2   Code   RO         8154    i.lfs_bd_prog       lfs.o
    0x0800f204   0x0800f204   0x000000fc   Code   RO         8155    i.lfs_bd_read       lfs.o
    0x0800f300   0x0800f300   0x00000018   Code   RO         8156    i.lfs_cache_zero    lfs.o
    0x0800f318   0x0800f318   0x00000038   Code   RO         8750    i.lfs_crc           lfs_util.o
    0x0800f350   0x0800f350   0x0000000e   Code   RO         8158    i.lfs_ctz           lfs.o
    0x0800f35e   0x0800f35e   0x00000002   PAD
    0x0800f360   0x0800f360   0x00000184   Code   RO         8159    i.lfs_ctz_extend    lfs.o
    0x0800f4e4   0x0800f4e4   0x000000a6   Code   RO         8160    i.lfs_ctz_find      lfs.o
    0x0800f58a   0x0800f58a   0x00000016   Code   RO         8161    i.lfs_ctz_fromle32  lfs.o
    0x0800f5a0   0x0800f5a0   0x00000040   Code   RO         8162    i.lfs_ctz_index     lfs.o
    0x0800f5e0   0x0800f5e0   0x0000009c   Code   RO         8163    i.lfs_ctz_traverse  lfs.o
    0x0800f67c   0x0800f67c   0x0000002c   Code   RO         8164    i.lfs_deinit        lfs.o
    0x0800f6a8   0x0800f6a8   0x0000000c   Code   RO         8697    i.lfs_deskio_erase  lfs_port.o
    0x0800f6b4   0x0800f6b4   0x00000016   Code   RO         8698    i.lfs_deskio_prog   lfs_port.o
    0x0800f6ca   0x0800f6ca   0x00000016   Code   RO         8699    i.lfs_deskio_read   lfs_port.o
    0x0800f6e0   0x0800f6e0   0x00000004   Code   RO         8700    i.lfs_deskio_sync   lfs_port.o
    0x0800f6e4   0x0800f6e4   0x00000080   Code   RO         8165    i.lfs_dir_alloc     lfs.o
    0x0800f764   0x0800f764   0x0000001a   Code   RO         8166    i.lfs_dir_close     lfs.o
    0x0800f77e   0x0800f77e   0x00000002   PAD
    0x0800f780   0x0800f780   0x0000031c   Code   RO         8167    i.lfs_dir_commit    lfs.o
    0x0800fa9c   0x0800fa9c   0x00000010   Code   RO         8168    i.lfs_dir_commit_commit  lfs.o
    0x0800faac   0x0800faac   0x00000014   Code   RO         8169    i.lfs_dir_commit_size  lfs.o
    0x0800fac0   0x0800fac0   0x000000aa   Code   RO         8170    i.lfs_dir_commitattr  lfs.o
    0x0800fb6a   0x0800fb6a   0x00000002   PAD
    0x0800fb6c   0x0800fb6c   0x00000188   Code   RO         8171    i.lfs_dir_commitcrc  lfs.o
    0x0800fcf4   0x0800fcf4   0x0000003a   Code   RO         8172    i.lfs_dir_commitprog  lfs.o
    0x0800fd2e   0x0800fd2e   0x00000002   PAD
    0x0800fd30   0x0800fd30   0x000003fc   Code   RO         8173    i.lfs_dir_compact   lfs.o
    0x0801012c   0x0801012c   0x00000050   Code   RO         8174    i.lfs_dir_drop      lfs.o
    0x0801017c   0x0801017c   0x00000016   Code   RO         8175    i.lfs_dir_fetch     lfs.o
    0x08010192   0x08010192   0x00000002   PAD
    0x08010194   0x08010194   0x000003e4   Code   RO         8176    i.lfs_dir_fetchmatch  lfs.o
    0x08010578   0x08010578   0x0000015c   Code   RO         8177    i.lfs_dir_find      lfs.o
    0x080106d4   0x080106d4   0x00000052   Code   RO         8178    i.lfs_dir_find_match  lfs.o
    0x08010726   0x08010726   0x00000014   Code   RO         8179    i.lfs_dir_get       lfs.o
    0x0801073a   0x0801073a   0x00000002   PAD
    0x0801073c   0x0801073c   0x0000004c   Code   RO         8180    i.lfs_dir_getgstate  lfs.o
    0x08010788   0x08010788   0x00000090   Code   RO         8181    i.lfs_dir_getinfo   lfs.o
    0x08010818   0x08010818   0x000000e6   Code   RO         8182    i.lfs_dir_getread   lfs.o
    0x080108fe   0x080108fe   0x00000002   PAD
    0x08010900   0x08010900   0x00000124   Code   RO         8183    i.lfs_dir_getslice  lfs.o
    0x08010a24   0x08010a24   0x00000090   Code   RO         8184    i.lfs_dir_open      lfs.o
    0x08010ab4   0x08010ab4   0x0000008c   Code   RO         8185    i.lfs_dir_read      lfs.o
    0x08010b40   0x08010b40   0x00000070   Code   RO         8188    i.lfs_dir_split     lfs.o
    0x08010bb0   0x08010bb0   0x000001c8   Code   RO         8190    i.lfs_dir_traverse  lfs.o
    0x08010d78   0x08010d78   0x00000074   Code   RO         8191    i.lfs_dir_traverse_filter  lfs.o
    0x08010dec   0x08010dec   0x00000046   Code   RO         8192    i.lfs_file_close    lfs.o
    0x08010e32   0x08010e32   0x00000002   PAD
    0x08010e34   0x08010e34   0x0000010c   Code   RO         8193    i.lfs_file_flush    lfs.o
    0x08010f40   0x08010f40   0x00000010   Code   RO         8194    i.lfs_file_open     lfs.o
    0x08010f50   0x08010f50   0x0000023c   Code   RO         8195    i.lfs_file_opencfg  lfs.o
    0x0801118c   0x0801118c   0x00000024   Code   RO         8196    i.lfs_file_outline  lfs.o
    0x080111b0   0x080111b0   0x00000110   Code   RO         8197    i.lfs_file_read     lfs.o
    0x080112c0   0x080112c0   0x00000110   Code   RO         8198    i.lfs_file_relocate  lfs.o
    0x080113d0   0x080113d0   0x00000012   Code   RO         8199    i.lfs_file_rewind   lfs.o
    0x080113e2   0x080113e2   0x0000004a   Code   RO         8200    i.lfs_file_seek     lfs.o
    0x0801142c   0x0801142c   0x000000ca   Code   RO         8202    i.lfs_file_sync     lfs.o
    0x080114f6   0x080114f6   0x00000002   PAD
    0x080114f8   0x080114f8   0x000001ac   Code   RO         8205    i.lfs_file_write    lfs.o
    0x080116a4   0x080116a4   0x000000f0   Code   RO         8206    i.lfs_format        lfs.o
    0x08011794   0x08011794   0x00000014   Code   RO         8207    i.lfs_frombe32      lfs.o
    0x080117a8   0x080117a8   0x00000012   Code   RO         8208    i.lfs_fromle32      lfs.o
    0x080117ba   0x080117ba   0x00000002   PAD
    0x080117bc   0x080117bc   0x0000006c   Code   RO         8209    i.lfs_fs_demove     lfs.o
    0x08011828   0x08011828   0x00000174   Code   RO         8210    i.lfs_fs_deorphan   lfs.o
    0x0801199c   0x0801199c   0x00000018   Code   RO         8211    i.lfs_fs_forceconsistency  lfs.o
    0x080119b4   0x080119b4   0x0000006c   Code   RO         8212    i.lfs_fs_parent     lfs.o
    0x08011a20   0x08011a20   0x0000003e   Code   RO         8213    i.lfs_fs_parent_match  lfs.o
    0x08011a5e   0x08011a5e   0x00000044   Code   RO         8214    i.lfs_fs_pred       lfs.o
    0x08011aa2   0x08011aa2   0x0000003a   Code   RO         8215    i.lfs_fs_preporphans  lfs.o
    0x08011adc   0x08011adc   0x0000010c   Code   RO         8216    i.lfs_fs_relocate   lfs.o
    0x08011be8   0x08011be8   0x0000001c   Code   RO         8217    i.lfs_fs_size       lfs.o
    0x08011c04   0x08011c04   0x0000000a   Code   RO         8218    i.lfs_fs_size_count  lfs.o
    0x08011c0e   0x08011c0e   0x00000002   PAD
    0x08011c10   0x08011c10   0x0000010c   Code   RO         8219    i.lfs_fs_traverse   lfs.o
    0x08011d1c   0x08011d1c   0x0000001e   Code   RO         8221    i.lfs_gstate_fromle32  lfs.o
    0x08011d3a   0x08011d3a   0x0000000c   Code   RO         8222    i.lfs_gstate_hasmove  lfs.o
    0x08011d46   0x08011d46   0x0000001a   Code   RO         8223    i.lfs_gstate_hasmovehere  lfs.o
    0x08011d60   0x08011d60   0x0000000a   Code   RO         8224    i.lfs_gstate_hasorphans  lfs.o
    0x08011d6a   0x08011d6a   0x00000002   PAD
    0x08011d6c   0x08011d6c   0x00000018   Code   RO         8225    i.lfs_gstate_iszero  lfs.o
    0x08011d84   0x08011d84   0x0000001e   Code   RO         8226    i.lfs_gstate_tole32  lfs.o
    0x08011da2   0x08011da2   0x00000002   PAD
    0x08011da4   0x08011da4   0x00000064   Code   RO         8227    i.lfs_gstate_xormove  lfs.o
    0x08011e08   0x08011e08   0x000000ac   Code   RO         1625    i.lfs_init          flash_app.o
    0x08011eb4   0x08011eb4   0x00000120   Code   RO         8228    i.lfs_init          lfs.o
    0x08011fd4   0x08011fd4   0x00000004   Code   RO         8229    i.lfs_malloc        lfs.o
    0x08011fd8   0x08011fd8   0x00000008   Code   RO         8230    i.lfs_min           lfs.o
    0x08011fe0   0x08011fe0   0x00000158   Code   RO         8231    i.lfs_mkdir         lfs.o
    0x08012138   0x08012138   0x00000290   Code   RO         8232    i.lfs_mount         lfs.o
    0x080123c8   0x080123c8   0x00000022   Code   RO         8233    i.lfs_pair_cmp      lfs.o
    0x080123ea   0x080123ea   0x00000016   Code   RO         8234    i.lfs_pair_fromle32  lfs.o
    0x08012400   0x08012400   0x00000014   Code   RO         8235    i.lfs_pair_isnull   lfs.o
    0x08012414   0x08012414   0x00000016   Code   RO         8236    i.lfs_pair_tole32   lfs.o
    0x0801242a   0x0801242a   0x0000002e   Code   RO         8237    i.lfs_popc          lfs.o
    0x08012458   0x08012458   0x000000d8   Code   RO         8238    i.lfs_remove        lfs.o
    0x08012530   0x08012530   0x000001dc   Code   RO         8240    i.lfs_rename        lfs.o
    0x0801270c   0x0801270c   0x00000064   Code   RO         8701    i.lfs_storage_init  lfs_port.o
    0x08012770   0x08012770   0x00000012   Code   RO         8243    i.lfs_tag_dsize     lfs.o
    0x08012782   0x08012782   0x00000010   Code   RO         8244    i.lfs_tag_isdelete  lfs.o
    0x08012792   0x08012792   0x00000004   Code   RO         8245    i.lfs_tole32        lfs.o
    0x08012796   0x08012796   0x00000002   PAD
    0x08012798   0x08012798   0x00000128   Code   RO         1626    i.list_dir_recursive  flash_app.o
    0x080128c0   0x080128c0   0x00000094   Code   RO           15    i.main              main.o
    0x08012954   0x08012954   0x0000006c   Code   RO        14454    i.malloc            mc_w.l(malloc.o)
    0x080129c0   0x080129c0   0x00000012   Code   RO        13532    i.mem_cpy           ff.o
    0x080129d2   0x080129d2   0x00000002   PAD
    0x080129d4   0x080129d4   0x0000000e   Code   RO        13533    i.mem_set           ff.o
    0x080129e2   0x080129e2   0x00000032   Code   RO        13534    i.move_window       ff.o
    0x08012a14   0x08012a14   0x00000030   Code   RO         1126    i.my_printf         uart_app.o
    0x08012a44   0x08012a44   0x0000002e   Code   RO         1472    i.oled_printf       oled_app.o
    0x08012a72   0x08012a72   0x00000002   PAD
    0x08012a74   0x08012a74   0x00000064   Code   RO         1473    i.oled_task         oled_app.o
    0x08012ad8   0x08012ad8   0x00000074   Code   RO        13535    i.pick_lfn          ff.o
    0x08012b4c   0x08012b4c   0x00000110   Code   RO          895    i.prv_btn_event     btn_app.o
    0x08012c5c   0x08012c5c   0x0000004c   Code   RO          896    i.prv_btn_get_state  btn_app.o
    0x08012ca8   0x08012ca8   0x0000014c   Code   RO         6654    i.prv_process_btn   ebtn.o
    0x08012df4   0x08012df4   0x000000ea   Code   RO        13536    i.put_fat           ff.o
    0x08012ede   0x08012ede   0x00000074   Code   RO        13539    i.remove_chain      ff.o
    0x08012f52   0x08012f52   0x00000030   Code   RO         6793    i.rt_ringbuffer_data_len  ringbuffer.o
    0x08012f82   0x08012f82   0x0000006e   Code   RO         6794    i.rt_ringbuffer_get  ringbuffer.o
    0x08012ff0   0x08012ff0   0x00000026   Code   RO         6796    i.rt_ringbuffer_init  ringbuffer.o
    0x08013016   0x08013016   0x00000072   Code   RO         6798    i.rt_ringbuffer_put  ringbuffer.o
    0x08013088   0x08013088   0x00000020   Code   RO         6803    i.rt_ringbuffer_status  ringbuffer.o
    0x080130a8   0x080130a8   0x0000000c   Code   RO         1092    i.scheduler_init    scheduler.o
    0x080130b4   0x080130b4   0x0000003c   Code   RO         1093    i.scheduler_run     scheduler.o
    0x080130f0   0x080130f0   0x0000007c   Code   RO         1686    i.shell_add_to_history  shell_app.o
    0x0801316c   0x0801316c   0x00000098   Code   RO         1687    i.shell_execute     shell_app.o
    0x08013204   0x08013204   0x00000090   Code   RO         1689    i.shell_handle_history  shell_app.o
    0x08013294   0x08013294   0x000003f8   Code   RO         1690    i.shell_handle_tab  shell_app.o
    0x0801368c   0x0801368c   0x0000006c   Code   RO         1691    i.shell_init        shell_app.o
    0x080136f8   0x080136f8   0x00000120   Code   RO         1692    i.shell_normalize_path  shell_app.o
    0x08013818   0x08013818   0x00000020   Code   RO         1693    i.shell_print       shell_app.o
    0x08013838   0x08013838   0x0000001e   Code   RO         1694    i.shell_printf      shell_app.o
    0x08013856   0x08013856   0x00000018   Code   RO         1695    i.shell_process     shell_app.o
    0x0801386e   0x0801386e   0x00000002   PAD
    0x08013870   0x08013870   0x000000d8   Code   RO         1696    i.shell_process_char  shell_app.o
    0x08013948   0x08013948   0x0000005c   Code   RO         8053    i.spi_flash_buffer_read  gd25qxx.o
    0x080139a4   0x080139a4   0x000000bc   Code   RO         8054    i.spi_flash_buffer_write  gd25qxx.o
    0x08013a60   0x08013a60   0x00000010   Code   RO         8056    i.spi_flash_init    gd25qxx.o
    0x08013a70   0x08013a70   0x00000064   Code   RO         8057    i.spi_flash_page_write  gd25qxx.o
    0x08013ad4   0x08013ad4   0x0000004c   Code   RO         8060    i.spi_flash_sector_erase  gd25qxx.o
    0x08013b20   0x08013b20   0x00000020   Code   RO         8061    i.spi_flash_send_byte  gd25qxx.o
    0x08013b40   0x08013b40   0x00000034   Code   RO         8064    i.spi_flash_wait_for_write_end  gd25qxx.o
    0x08013b74   0x08013b74   0x0000002c   Code   RO         8065    i.spi_flash_write_enable  gd25qxx.o
    0x08013ba0   0x08013ba0   0x0000003e   Code   RO        14139    i.sqrtf             m_wm.l(sqrtf.o)
    0x08013bde   0x08013bde   0x00000028   Code   RO        13540    i.st_clust          ff.o
    0x08013c06   0x08013c06   0x00000010   Code   RO        13541    i.st_dword          ff.o
    0x08013c16   0x08013c16   0x00000008   Code   RO        13542    i.st_word           ff.o
    0x08013c1e   0x08013c1e   0x00000002   PAD
    0x08013c20   0x08013c20   0x0000003c   Code   RO         1240    i.start_dac_dma     dac_app.o
    0x08013c5c   0x08013c5c   0x00000020   Code   RO         1241    i.stop_dac_dma      dac_app.o
    0x08013c7c   0x08013c7c   0x0000001a   Code   RO        13543    i.sum_sfn           ff.o
    0x08013c96   0x08013c96   0x00000002   PAD
    0x08013c98   0x08013c98   0x00000088   Code   RO        13544    i.sync_fs           ff.o
    0x08013d20   0x08013d20   0x00000052   Code   RO        13545    i.sync_window       ff.o
    0x08013d72   0x08013d72   0x00000002   PAD
    0x08013d74   0x08013d74   0x000004c8   Code   RO         1826    i.test_sd_fatfs     sd_fatfs.o
    0x0801423c   0x0801423c   0x00000038   Code   RO         1128    i.uart_init         uart_app.o
    0x08014274   0x08014274   0x00000038   Code   RO         1129    i.uart_task         uart_app.o
    0x080142ac   0x080142ac   0x000000cc   Code   RO         7005    i.ui_ftoa_f         wououi.o
    0x08014378   0x08014378   0x00000018   Code   RO         7006    i.ui_ftoa_f_str     wououi.o
    0x08014390   0x08014390   0x0000008c   Code   RO         7007    i.ui_ftoa_g         wououi.o
    0x0801441c   0x0801441c   0x0000002a   Code   RO         7008    i.ui_ftoa_g_str     wououi.o
    0x08014446   0x08014446   0x00000002   PAD
    0x08014448   0x08014448   0x00000028   Code   RO         7010    i.ui_itoa_str       wououi.o
    0x08014470   0x08014470   0x0000007c   Code   RO         1242    i.update_adc_timer_frequency  dac_app.o
    0x080144ec   0x080144ec   0x00000084   Code   RO         1243    i.update_timer_frequency  dac_app.o
    0x08014570   0x08014570   0x00000034   Code   RO        13546    i.validate          ff.o
    0x080145a4   0x080145a4   0x00000038   Code   RO         1853    i.websocket_init    4g_web.o
    0x080145dc   0x080145dc   0x00000048   Code   RO         1854    i.websocket_task    4g_web.o
    0x08014624   0x08014624   0x0000000e   Data   RO          897    .constdata          btn_app.o
    0x08014632   0x08014632   0x00000002   PAD
    0x08014634   0x08014634   0x00000064   Data   RO         1371    .constdata          waveform_analyzer_app.o
    0x08014698   0x08014698   0x0000009c   Data   RO         1699    .constdata          shell_app.o
    0x08014734   0x08014734   0x00001358   Data   RO         6893    .constdata          oled.o
    0x08015a8c   0x08015a8c   0x0000023a   Data   RO         7175    .constdata          wououi_font.o
    0x08015cc6   0x08015cc6   0x00000532   Data   RO         7177    .constdata          wououi_font.o
    0x080161f8   0x080161f8   0x0000000c   Data   RO         7180    .constdata          wououi_font.o
    0x08016204   0x08016204   0x0000000c   Data   RO         7182    .constdata          wououi_font.o
    0x08016210   0x08016210   0x0000000a   Data   RO         7227    .constdata          wououi_graph.o
    0x0801621a   0x0801621a   0x00000002   PAD
    0x0801621c   0x0801621c   0x00000010   Data   RO         7458    .constdata          wououi_page.o
    0x0801622c   0x0801622c   0x000001c0   Data   RO         8247    .constdata          lfs.o
    0x080163ec   0x080163ec   0x00000040   Data   RO         8751    .constdata          lfs_util.o
    0x0801642c   0x0801642c   0x00000010   Data   RO         8771    .constdata          system_stm32f4xx.o
    0x0801643c   0x0801643c   0x00000008   Data   RO         8772    .constdata          system_stm32f4xx.o
    0x08016444   0x08016444   0x00000008   Data   RO         9611    .constdata          stm32f4xx_hal_dma.o
    0x0801644c   0x0801644c   0x00000014   Data   RO        13338    .constdata          sd_diskio.o
    0x08016460   0x08016460   0x0000002a   Data   RO        13548    .constdata          ff.o
    0x0801648a   0x0801648a   0x0002abb6   Data   RO        13927    .constdata          cc936.o
    0x08041040   0x08041040   0x00000020   Data   RO        14514    .constdata          m_wm.l(rredf.o)
    0x08041060   0x08041060   0x00000045   Data   RO         1182    .conststring        adc_app.o
    0x080410a5   0x080410a5   0x00000003   PAD
    0x080410a8   0x080410a8   0x00000044   Data   RO         1629    .conststring        flash_app.o
    0x080410ec   0x080410ec   0x000001c1   Data   RO         1700    .conststring        shell_app.o
    0x080412ad   0x080412ad   0x00000003   PAD
    0x080412b0   0x080412b0   0x0000007e   Data   RO         1827    .conststring        sd_fatfs.o
    0x0804132e   0x0804132e   0x00000002   PAD
    0x08041330   0x08041330   0x00000009   Data   RO         8248    .conststring        lfs.o
    0x08041339   0x08041339   0x00000001   PAD
    0x0804133a   0x0804133a   0x00000800   Data   RO        14005    .rodata.armBitRevTable  arm_cortexM4l_math.lib(arm_common_tables.o)
    0x08041b3a   0x08041b3a   0x00000002   PAD
    0x08041b3c   0x08041b3c   0x00008000   Data   RO        14014    .rodata.twiddleCoef_4096  arm_cortexM4l_math.lib(arm_common_tables.o)
    0x08049b3c   0x08049b3c   0x00000020   Data   RO        14605    Region$$Table       anon$$obj.o


    Execution Region RW_IRAM1 (Exec base: 0x20000000, Load base: 0x08049b5c, Size: 0x0000ce78, Max: 0x00030000, ABSOLUTE, COMPRESSED[0x00000174])

    Exec Addr    Load Addr    Size         Type   Attr      Idx    E Section Name        Object

    0x20000000   COMPRESSED   0x00000001   Data   RW          898    .data               btn_app.o
    0x20000001   COMPRESSED   0x00000003   PAD
    0x20000004   COMPRESSED   0x00000114   Data   RW          899    .data               btn_app.o
    0x20000118   COMPRESSED   0x00000012   Data   RW         1048    .data               led_app.o
    0x2000012a   COMPRESSED   0x00000002   PAD
    0x2000012c   COMPRESSED   0x0000004c   Data   RW         1094    .data               scheduler.o
    0x20000178   COMPRESSED   0x00000008   Data   RW         1183    .data               adc_app.o
    0x20000180   COMPRESSED   0x00000014   Data   RW         1245    .data               dac_app.o
    0x20000194   COMPRESSED   0x00000002   Data   RW         1474    .data               oled_app.o
    0x20000196   COMPRESSED   0x00000002   PAD
    0x20000198   COMPRESSED   0x00000004   Data   RW         1701    .data               shell_app.o
    0x2000019c   COMPRESSED   0x00000016   Data   RW         6894    .data               oled.o
    0x200001b2   COMPRESSED   0x00000026   Data   RW         7012    .data               wououi.o
    0x200001d8   COMPRESSED   0x000004e8   Data   RW         7013    .data               wououi.o
    0x200006c0   COMPRESSED   0x0000000c   Data   RW         7228    .data               wououi_graph.o
    0x200006cc   COMPRESSED   0x00000004   Data   RW         8773    .data               system_stm32f4xx.o
    0x200006d0   COMPRESSED   0x0000000c   Data   RW        10076    .data               stm32f4xx_hal.o
    0x200006dc   COMPRESSED   0x00000001   Data   RW        13339    .data               sd_diskio.o
    0x200006dd   COMPRESSED   0x00000005   Data   RW        13396    .data               fatfs.o
    0x200006e2   COMPRESSED   0x00000002   PAD
    0x200006e4   COMPRESSED   0x00000008   Data   RW        13549    .data               ff.o
    0x200006ec   COMPRESSED   0x00000004   Data   RW        14179    .data               mc_w.l(strtok.o)
    0x200006f0   COMPRESSED   0x00000004   Data   RW        14534    .data               mc_w.l(stdout.o)
    0x200006f4   COMPRESSED   0x00000004   Data   RW        14541    .data               mc_w.l(mvars.o)
    0x200006f8   COMPRESSED   0x00000004   Data   RW        14542    .data               mc_w.l(mvars.o)
    0x200006fc   COMPRESSED   0x00000004   Data   RW        14546    .data               mc_w.l(errno.o)
    0x20000700        -       0x000000a8   Zero   RW          412    .bss                adc.o
    0x200007a8        -       0x00000074   Zero   RW          454    .bss                dac.o
    0x2000081c        -       0x00000054   Zero   RW          520    .bss                i2c.o
    0x20000870        -       0x00000084   Zero   RW          562    .bss                sdio.o
    0x200008f4        -       0x00000058   Zero   RW          604    .bss                spi.o
    0x2000094c        -       0x000000d8   Zero   RW          648    .bss                tim.o
    0x20000a24        -       0x00000150   Zero   RW          701    .bss                usart.o
    0x20000b74        -       0x0000038c   Zero   RW         1130    .bss                uart_app.o
    0x20000f00        -       0x00004038   Zero   RW         1181    .bss                adc_app.o
    0x20004f38        -       0x00000200   Zero   RW         1244    .bss                dac_app.o
    0x20005138        -       0x00004014   Zero   RW         1370    .bss                waveform_analyzer_app.o
    0x2000914c        -       0x000000c0   Zero   RW         1628    .bss                flash_app.o
    0x2000920c        -       0x000003d8   Zero   RW         1698    .bss                shell_app.o
    0x200095e4        -       0x0000018c   Zero   RW         1855    .bss                4g_web.o
    0x20009770        -       0x00000034   Zero   RW         6655    .bss                ebtn.o
    0x200097a4        -       0x00000020   Zero   RW         7011    .bss                wououi.o
    0x200097c4        -       0x00000220   Zero   RW         8702    .bss                lfs_port.o
    0x200099e4        -       0x00000234   Zero   RW        13394    .bss                fatfs.o
    0x20009c18        -       0x00000230   Zero   RW        13395    .bss                fatfs.o
    0x20009e48        -       0x00000020   Zero   RW        13547    .bss                ff.o
    0x20009e68        -       0x0000000c   Zero   RW        13843    .bss                ff_gen_drv.o
    0x20009e74   COMPRESSED   0x00000004   PAD
    0x20009e78        -       0x00001000   Zero   RW            2    HEAP                startup_stm32f429xx.o
    0x2000ae78        -       0x00002000   Zero   RW            1    STACK               startup_stm32f429xx.o


==============================================================================

Image component sizes


      Code (inc. data)   RO Data    RW Data    ZI Data      Debug   Object Name

       224         56          0          0        396       2877   4g_web.o
       316         34          0          0        168       1835   adc.o
       592        166         69          8      16440       3488   adc_app.o
       162         26          0          0          0       4052   bsp_driver_sd.o
       490         48         14        277          0       6424   btn_app.o
       204         26     175030          0          0       2495   cc936.o
       220         30          0          0        116       1749   dac.o
      1280        130          0         20        512      10446   dac_app.o
       152         24          0          0          0       3749   diskio.o
       108          4          0          0          0        834   dma.o
      1322         28          0          0         52      19907   ebtn.o
        32         10          0          5       1124       1512   fatfs.o
      7200        100         42          8         32      50401   ff.o
        70          6          0          0         12       1627   ff_gen_drv.o
      1584        978         68          0        192       2591   flash_app.o
       600         36          0          0          0       5836   gd25qxx.o
       260         18          0          0          0       1067   gpio.o
       200         28          0          0         84       1697   i2c.o
       140         20          0         18          0       2902   led_app.o
     14054       1112        457          0          0      90051   lfs.o
       160         20          0          0        544       7219   lfs_port.o
        56          6         64          0          0       1054   lfs_util.o
       304         32          0          0          0     846285   main.o
       396         24       4952         22          0       5460   oled.o
       146         56          0          2          0       1574   oled_app.o
       342          0          0          0          0       6195   ringbuffer.o
        72          8          0         76          0       1644   scheduler.o
       224         14         20          1          0       4528   sd_diskio.o
      1224        816        126          0          0        996   sd_fatfs.o
       180         26          0          0        132       1665   sdio.o
      5666       1964        605          4        984      21359   shell_app.o
       180         24          0          0         88       1685   spi.o
        36          8        428          0      12288        836   startup_stm32f429xx.o
       180         28          0         12          0       9549   stm32f4xx_hal.o
      1638         72          0          0          0       9281   stm32f4xx_hal_adc.o
         2          0          0          0          0        981   stm32f4xx_hal_adc_ex.o
       198         14          0          0          0      33807   stm32f4xx_hal_cortex.o
       480         24          0          0          0       7373   stm32f4xx_hal_dac.o
        56          0          0          0          0       3929   stm32f4xx_hal_dac_ex.o
      1084         16          8          0          0       7338   stm32f4xx_hal_dma.o
       584         54          0          0          0       2867   stm32f4xx_hal_gpio.o
      1414         32          0          0          0       9619   stm32f4xx_hal_i2c.o
       128          0          0          0          0       1855   stm32f4xx_hal_i2c_ex.o
        52          4          0          0          0        866   stm32f4xx_hal_msp.o
      1348         76          0          0          0       5252   stm32f4xx_hal_rcc.o
      2496         32          0          0          0      12492   stm32f4xx_hal_sd.o
       980         16          0          0          0       4897   stm32f4xx_hal_spi.o
      1260        102          0          0          0      12322   stm32f4xx_hal_tim.o
       148         28          0          0          0       2481   stm32f4xx_hal_tim_ex.o
      2188         28          0          0          0      15708   stm32f4xx_hal_uart.o
       116         48          0          0          0       7942   stm32f4xx_it.o
      1668         48          0          0          0      23571   stm32f4xx_ll_sdmmc.o
         8          0          0          0          0       1667   syscall.o
        16          4         24          4          0       1127   system_stm32f4xx.o
       340         44          0          0        216       2926   tim.o
         0          0          0          0          0        384   u8log.o
       224         38          0          0        908       3099   uart_app.o
       416         46          0          0        336       2589   usart.o
      2242        272        100          0      16404      12679   waveform_analyzer_app.o
       456         70          0       1294         32      23083   wououi.o
        68          0          0          0          0       1063   wououi_anim.o
         0          0       1924          0          0       1726   wououi_font.o
      2172         16         10         12          0      16876   wououi_graph.o
       108          0          0          0          0       2835   wououi_msg.o
      5514        454         16          0          0      32782   wououi_page.o
      7116        726          0          0          0      31789   wououi_win.o

    ----------------------------------------------------------------------
     73020       8170     184002       1772      51064    1422795   Object Totals
         0          0         32          0          0          0   (incl. Generated)
       124          0         13          9          4          0   (incl. Padding)

    ----------------------------------------------------------------------

      Code (inc. data)   RO Data    RW Data    ZI Data      Debug   Library Member Name

       174          0          0          0          0       2571   arm_bitreversal.o
      2884          0          0          0          0       6486   arm_cfft_radix4_f32.o
       124          0          0          0          0       1574   arm_cfft_radix4_init_f32.o
       232          0          0          0          0       1739   arm_cmplx_mag_f32.o
         0          0      34816          0          0       4961   arm_common_tables.o
       684         90          0          0          0        208   atan2f.o
        38          0          0          0          0        116   fpclassifyf.o
        44         12          0          0          0        464   funder.o
       340         24         32          0          0        160   rredf.o
       400         56          0          0          0        212   sinf.o
       120          0          0          0          0        272   sqrtf.o
        86          0          0          0          0          0   __dczerorl2.o
         0          0          0          0          0          0   entry.o
         0          0          0          0          0          0   entry10a.o
         0          0          0          0          0          0   entry11a.o
         4          0          0          0          0          0   entry12b.o
         8          4          0          0          0          0   entry2.o
         4          0          0          0          0          0   entry5.o
         0          0          0          0          0          0   entry7b.o
         0          0          0          0          0          0   entry8b.o
         8          4          0          0          0          0   entry9a.o
        12          6          0          4          0         68   errno.o
        18          0          0          0          0         80   fputc.o
        30          0          0          0          0          0   handlers.o
        36          8          0          0          0         68   init.o
         0          0          0          0          0          0   iusefp.o
         0          0          0          0          0          0   iusesemip.o
        30          0          0          0          0         68   llshl.o
        36          0          0          0          0         68   llsshr.o
        32          0          0          0          0         68   llushr.o
       188         20          0          0          0        160   malloc.o
        26          0          0          0          0         80   memcmp.o
        36          0          0          0          0         68   memcpya.o
        36          0          0          0          0        108   memseta.o
         0          0          0          8          0          0   mvars.o
      2394        106          0          0          0        852   printfa.o
         0          0          0          0          0          0   semi.o
         0          0          0          4          0          0   stdout.o
        24          0          0          0          0         68   strcat.o
        20          0          0          0          0         68   strchr.o
        28          0          0          0          0         76   strcmp.o
        18          0          0          0          0         68   strcpy.o
        34          0          0          0          0         80   strcspn.o
        14          0          0          0          0         68   strlen.o
        40          0          0          0          0         76   strncat.o
        30          0          0          0          0         80   strncmp.o
        24          0          0          0          0         76   strncpy.o
        22          0          0          0          0         68   strrchr.o
        28          0          0          0          0         80   strspn.o
        68          6          0          4          0         80   strtok.o
        44          0          0          0          0         80   uidiv.o
        98          0          0          0          0         92   uldiv.o
        48          0          0          0          0         68   cdrcmple.o
       334          0          0          0          0        148   dadd.o
       222          0          0          0          0        100   ddiv.o
       186          0          0          0          0        176   depilogue.o
        48          0          0          0          0         68   dfixul.o
       228          0          0          0          0         96   dmul.o
        38          0          0          0          0         68   f2d.o
       176          0          0          0          0        140   fadd.o
       110          0          0          0          0        168   fepilogue.o
        28          0          0          0          0         84   ffltul.o
       100          0          0          0          0         76   fmul.o

    ----------------------------------------------------------------------
     10044        336      34850         20          0      22703   Library Totals
        10          0          2          0          0          0   (incl. Padding)

    ----------------------------------------------------------------------

      Code (inc. data)   RO Data    RW Data    ZI Data      Debug   Library Name

      3414          0      34816          0          0      17331   arm_cortexM4l_math.lib
      1626        182         32          0          0       1432   m_wm.l
      3476        154          0         20          0       2748   mc_w.l
      1518          0          0          0          0       1192   mf_w.l

    ----------------------------------------------------------------------
     10044        336      34850         20          0      22703   Library Totals

    ----------------------------------------------------------------------

==============================================================================


      Code (inc. data)   RO Data    RW Data    ZI Data      Debug   

     83064       8506     218852       1792      51064    1386398   Grand Totals
     83064       8506     218852        372      51064    1386398   ELF Image Totals (compressed)
     83064       8506     218852        372          0          0   ROM Totals

==============================================================================

    Total RO  Size (Code + RO Data)               301916 ( 294.84kB)
    Total RW  Size (RW Data + ZI Data)             52856 (  51.62kB)
    Total ROM Size (Code + RO Data + RW Data)     302288 ( 295.20kB)

==============================================================================

